Archive member included to satisfy reference by file (symbol)

C:/ST/STM32CubeIDE_1.19.0/STM32CubeIDE/plugins/com.st.stm32cube.ide.mcu.externaltools.gnu-tools-for-stm32.13.3.rel1.win32_1.0.0.202411081344/tools/bin/../lib/gcc/arm-none-eabi/13.3.1/../../../../arm-none-eabi/lib/thumb/v7e-m+fp/hard\libc_nano.a(libc_a-exit.o)
                              C:/ST/STM32CubeIDE_1.19.0/STM32CubeIDE/plugins/com.st.stm32cube.ide.mcu.externaltools.gnu-tools-for-stm32.13.3.rel1.win32_1.0.0.202411081344/tools/bin/../lib/gcc/arm-none-eabi/13.3.1/../../../../arm-none-eabi/lib/thumb/v7e-m+fp/hard/crt0.o (exit)
C:/ST/STM32CubeIDE_1.19.0/STM32CubeIDE/plugins/com.st.stm32cube.ide.mcu.externaltools.gnu-tools-for-stm32.13.3.rel1.win32_1.0.0.202411081344/tools/bin/../lib/gcc/arm-none-eabi/13.3.1/../../../../arm-none-eabi/lib/thumb/v7e-m+fp/hard\libc_nano.a(libc_a-findfp.o)
                              C:/ST/STM32CubeIDE_1.19.0/STM32CubeIDE/plugins/com.st.stm32cube.ide.mcu.externaltools.gnu-tools-for-stm32.13.3.rel1.win32_1.0.0.202411081344/tools/bin/../lib/gcc/arm-none-eabi/13.3.1/../../../../arm-none-eabi/lib/thumb/v7e-m+fp/hard\libc_nano.a(libc_a-exit.o) (__stdio_exit_handler)
C:/ST/STM32CubeIDE_1.19.0/STM32CubeIDE/plugins/com.st.stm32cube.ide.mcu.externaltools.gnu-tools-for-stm32.13.3.rel1.win32_1.0.0.202411081344/tools/bin/../lib/gcc/arm-none-eabi/13.3.1/../../../../arm-none-eabi/lib/thumb/v7e-m+fp/hard\libc_nano.a(libc_a-fwalk.o)
                              C:/ST/STM32CubeIDE_1.19.0/STM32CubeIDE/plugins/com.st.stm32cube.ide.mcu.externaltools.gnu-tools-for-stm32.13.3.rel1.win32_1.0.0.202411081344/tools/bin/../lib/gcc/arm-none-eabi/13.3.1/../../../../arm-none-eabi/lib/thumb/v7e-m+fp/hard\libc_nano.a(libc_a-findfp.o) (_fwalk_sglue)
C:/ST/STM32CubeIDE_1.19.0/STM32CubeIDE/plugins/com.st.stm32cube.ide.mcu.externaltools.gnu-tools-for-stm32.13.3.rel1.win32_1.0.0.202411081344/tools/bin/../lib/gcc/arm-none-eabi/13.3.1/../../../../arm-none-eabi/lib/thumb/v7e-m+fp/hard\libc_nano.a(libc_a-stdio.o)
                              C:/ST/STM32CubeIDE_1.19.0/STM32CubeIDE/plugins/com.st.stm32cube.ide.mcu.externaltools.gnu-tools-for-stm32.13.3.rel1.win32_1.0.0.202411081344/tools/bin/../lib/gcc/arm-none-eabi/13.3.1/../../../../arm-none-eabi/lib/thumb/v7e-m+fp/hard\libc_nano.a(libc_a-findfp.o) (__sread)
C:/ST/STM32CubeIDE_1.19.0/STM32CubeIDE/plugins/com.st.stm32cube.ide.mcu.externaltools.gnu-tools-for-stm32.13.3.rel1.win32_1.0.0.202411081344/tools/bin/../lib/gcc/arm-none-eabi/13.3.1/../../../../arm-none-eabi/lib/thumb/v7e-m+fp/hard\libc_nano.a(libc_a-memset.o)
                              C:/ST/STM32CubeIDE_1.19.0/STM32CubeIDE/plugins/com.st.stm32cube.ide.mcu.externaltools.gnu-tools-for-stm32.13.3.rel1.win32_1.0.0.202411081344/tools/bin/../lib/gcc/arm-none-eabi/13.3.1/../../../../arm-none-eabi/lib/thumb/v7e-m+fp/hard/crt0.o (memset)
C:/ST/STM32CubeIDE_1.19.0/STM32CubeIDE/plugins/com.st.stm32cube.ide.mcu.externaltools.gnu-tools-for-stm32.13.3.rel1.win32_1.0.0.202411081344/tools/bin/../lib/gcc/arm-none-eabi/13.3.1/../../../../arm-none-eabi/lib/thumb/v7e-m+fp/hard\libc_nano.a(libc_a-closer.o)
                              C:/ST/STM32CubeIDE_1.19.0/STM32CubeIDE/plugins/com.st.stm32cube.ide.mcu.externaltools.gnu-tools-for-stm32.13.3.rel1.win32_1.0.0.202411081344/tools/bin/../lib/gcc/arm-none-eabi/13.3.1/../../../../arm-none-eabi/lib/thumb/v7e-m+fp/hard\libc_nano.a(libc_a-stdio.o) (_close_r)
C:/ST/STM32CubeIDE_1.19.0/STM32CubeIDE/plugins/com.st.stm32cube.ide.mcu.externaltools.gnu-tools-for-stm32.13.3.rel1.win32_1.0.0.202411081344/tools/bin/../lib/gcc/arm-none-eabi/13.3.1/../../../../arm-none-eabi/lib/thumb/v7e-m+fp/hard\libc_nano.a(libc_a-reent.o)
                              C:/ST/STM32CubeIDE_1.19.0/STM32CubeIDE/plugins/com.st.stm32cube.ide.mcu.externaltools.gnu-tools-for-stm32.13.3.rel1.win32_1.0.0.202411081344/tools/bin/../lib/gcc/arm-none-eabi/13.3.1/../../../../arm-none-eabi/lib/thumb/v7e-m+fp/hard\libc_nano.a(libc_a-closer.o) (errno)
C:/ST/STM32CubeIDE_1.19.0/STM32CubeIDE/plugins/com.st.stm32cube.ide.mcu.externaltools.gnu-tools-for-stm32.13.3.rel1.win32_1.0.0.202411081344/tools/bin/../lib/gcc/arm-none-eabi/13.3.1/../../../../arm-none-eabi/lib/thumb/v7e-m+fp/hard\libc_nano.a(libc_a-impure.o)
                              C:/ST/STM32CubeIDE_1.19.0/STM32CubeIDE/plugins/com.st.stm32cube.ide.mcu.externaltools.gnu-tools-for-stm32.13.3.rel1.win32_1.0.0.202411081344/tools/bin/../lib/gcc/arm-none-eabi/13.3.1/../../../../arm-none-eabi/lib/thumb/v7e-m+fp/hard\libc_nano.a(libc_a-reent.o) (_impure_ptr)
C:/ST/STM32CubeIDE_1.19.0/STM32CubeIDE/plugins/com.st.stm32cube.ide.mcu.externaltools.gnu-tools-for-stm32.13.3.rel1.win32_1.0.0.202411081344/tools/bin/../lib/gcc/arm-none-eabi/13.3.1/../../../../arm-none-eabi/lib/thumb/v7e-m+fp/hard\libc_nano.a(libc_a-lseekr.o)
[...]
Memory Configuration

Name             Origin             Length             Attributes
RAM              0x20000000         0x00050000         xrw
SRAM2            0x10000000         0x00010000         xrw
FLASH            0x08000000         0x00100000         xr
*default*        0x00000000         0xffffffff

Linker script and memory map

LOAD C:/ST/STM32CubeIDE_1.19.0/STM32CubeIDE/plugins/com.st.stm32cube.ide.mcu.externaltools.gnu-tools-for-stm32.13.3.rel1.win32_1.0.0.202411081344/tools/bin/../lib/gcc/arm-none-eabi/13.3.1/thumb/v7e-m+fp/hard/crti.o
LOAD C:/ST/STM32CubeIDE_1.19.0/STM32CubeIDE/plugins/com.st.stm32cube.ide.mcu.externaltools.gnu-tools-for-stm32.13.3.rel1.win32_1.0.0.202411081344/tools/bin/../lib/gcc/arm-none-eabi/13.3.1/thumb/v7e-m+fp/hard/crtbegin.o
LOAD C:/ST/STM32CubeIDE_1.19.0/STM32CubeIDE/plugins/com.st.stm32cube.ide.mcu.externaltools.gnu-tools-for-stm32.13.3.rel1.win32_1.0.0.202411081344/tools/bin/../lib/gcc/arm-none-eabi/13.3.1/../../../../arm-none-eabi/lib/thumb/v7e-m+fp/hard/crt0.o
LOAD ./Src/adc.o
LOAD ./Src/led.o
LOAD ./Src/lpuart.o
LOAD ./Src/main.o
LOAD ./Src/sys_clocks.o
LOAD ./Src/syscalls.o
LOAD ./Src/sysmem.o
LOAD ./Startup/startup_stm32l496zgtx.o
START GROUP
LOAD C:/ST/STM32CubeIDE_1.19.0/STM32CubeIDE/plugins/com.st.stm32cube.ide.mcu.externaltools.gnu-tools-for-stm32.13.3.rel1.win32_1.0.0.202411081344/tools/bin/../lib/gcc/arm-none-eabi/13.3.1/../../../../arm-none-eabi/lib/thumb/v7e-m+fp/hard\libc_nano.a
LOAD C:/ST/STM32CubeIDE_1.19.0/STM32CubeIDE/plugins/com.st.stm32cube.ide.mcu.externaltools.gnu-tools-for-stm32.13.3.rel1.win32_1.0.0.202411081344/tools/bin/../lib/gcc/arm-none-eabi/13.3.1/../../../../arm-none-eabi/lib/thumb/v7e-m+fp/hard\libm.a
END GROUP
START GROUP
LOAD C:/ST/STM32CubeIDE_1.19.0/STM32CubeIDE/plugins/com.st.stm32cube.ide.mcu.externaltools.gnu-tools-for-stm32.13.3.rel1.win32_1.0.0.202411081344/tools/bin/../lib/gcc/arm-none-eabi/13.3.1/thumb/v7e-m+fp/hard\libgcc.a
LOAD C:/ST/STM32CubeIDE_1.19.0/STM32CubeIDE/plugins/com.st.stm32cube.ide.mcu.externaltools.gnu-tools-for-stm32.13.3.rel1.win32_1.0.0.202411081344/tools/bin/../lib/gcc/arm-none-eabi/13.3.1/../../../../arm-none-eabi/lib/thumb/v7e-m+fp/hard\libc_nano.a
END GROUP
START GROUP
LOAD C:/ST/STM32CubeIDE_1.19.0/STM32CubeIDE/plugins/com.st.stm32cube.ide.mcu.externaltools.gnu-tools-for-stm32.13.3.rel1.win32_1.0.0.202411081344/tools/bin/../lib/gcc/arm-none-eabi/13.3.1/thumb/v7e-m+fp/hard\libgcc.a
LOAD C:/ST/STM32CubeIDE_1.19.0/STM32CubeIDE/plugins/com.st.stm32cube.ide.mcu.externaltools.gnu-tools-for-stm32.13.3.rel1.win32_1.0.0.202411081344/tools/bin/../lib/gcc/arm-none-eabi/13.3.1/../../../../arm-none-eabi/lib/thumb/v7e-m+fp/hard\libc_nano.a
LOAD C:/ST/STM32CubeIDE_1.19.0/STM32CubeIDE/plugins/com.st.stm32cube.ide.mcu.externaltools.gnu-tools-for-stm32.13.3.rel1.win32_1.0.0.202411081344/tools/bin/../lib/gcc/arm-none-eabi/13.3.1/../../../../arm-none-eabi/lib/thumb/v7e-m+fp/hard\libnosys.a
END GROUP
START GROUP
LOAD C:/ST/STM32CubeIDE_1.19.0/STM32CubeIDE/plugins/com.st.stm32cube.ide.mcu.externaltools.gnu-tools-for-stm32.13.3.rel1.win32_1.0.0.202411081344/tools/bin/../lib/gcc/arm-none-eabi/13.3.1/thumb/v7e-m+fp/hard\libgcc.a
LOAD C:/ST/STM32CubeIDE_1.19.0/STM32CubeIDE/plugins/com.st.stm32cube.ide.mcu.externaltools.gnu-tools-for-stm32.13.3.rel1.win32_1.0.0.202411081344/tools/bin/../lib/gcc/arm-none-eabi/13.3.1/../../../../arm-none-eabi/lib/thumb/v7e-m+fp/hard\libc_nano.a
LOAD C:/ST/STM32CubeIDE_1.19.0/STM32CubeIDE/plugins/com.st.stm32cube.ide.mcu.externaltools.gnu-tools-for-stm32.13.3.rel1.win32_1.0.0.202411081344/tools/bin/../lib/gcc/arm-none-eabi/13.3.1/../../../../arm-none-eabi/lib/thumb/v7e-m+fp/hard\libnosys.a
END GROUP
LOAD C:/ST/STM32CubeIDE_1.19.0/STM32CubeIDE/plugins/com.st.stm32cube.ide.mcu.externaltools.gnu-tools-for-stm32.13.3.rel1.win32_1.0.0.202411081344/tools/bin/../lib/gcc/arm-none-eabi/13.3.1/thumb/v7e-m+fp/hard/crtend.o
LOAD C:/ST/STM32CubeIDE_1.19.0/STM32CubeIDE/plugins/com.st.stm32cube.ide.mcu.externaltools.gnu-tools-for-stm32.13.3.rel1.win32_1.0.0.202411081344/tools/bin/../lib/gcc/arm-none-eabi/13.3.1/thumb/v7e-m+fp/hard/crtn.o
                0x20050000                        _estack = (ORIGIN (RAM) + LENGTH (RAM))
                0x00000200                        _Min_Heap_Size = 0x200
                0x00000400                        _Min_Stack_Size = 0x400

.isr_vector     0x08000000      0x1ac
                0x08000000                        . = ALIGN (0x4)
 *(.isr_vector)
 .isr_vector    0x08000000      0x1ac ./Startup/startup_stm32l496zgtx.o
                0x08000000                g_pfnVectors
                0x080001ac                        . = ALIGN (0x4)

.text           0x080001ac      0x920
                0x080001ac                        . = ALIGN (0x4)
 *(.text)
 .text          0x080001ac       0x40 C:/ST/STM32CubeIDE_1.19.0/STM32CubeIDE/plugins/com.st.stm32cube.ide.mcu.externaltools.gnu-tools-for-stm32.13.3.rel1.win32_1.0.0.202411081344/tools/bin/../lib/gcc/arm-none-eabi/13.3.1/thumb/v7e-m+fp/hard/crtbegin.o
 *(.text*)
 .text.Adc_Gpio_Init
                0x080001ec       0x48 ./Src/adc.o
                0x080001ec                Adc_Gpio_Init
 .text.Adc_Config
                0x08000234       0x9c ./Src/adc.o
                0x08000234                Adc_Config
 .text.Adc_Init
                0x080002d0       0x54 ./Src/adc.o
                0x080002d0                Adc_Init
 .text.Adc_Read
                0x08000324       0x38 ./Src/adc.o
                0x08000324                Adc_Read
 .text.Adc_Volt_Read
                0x0800035c       0x34 ./Src/adc.o
                0x0800035c                Adc_Volt_Read
 .text.LedConf  0x08000390      0x104 ./Src/led.o
                0x08000390                LedConf
 .text.__NVIC_EnableIRQ
                0x08000494       0x3c ./Src/lpuart.o
 .text.__NVIC_SetPriority
                0x080004d0       0x54 ./Src/lpuart.o
 .text.LPUART1_config
                0x08000524       0x9c ./Src/lpuart.o
                0x08000524                LPUART1_config
 .text.LPUART1_IRQHandler
                0x080005c0       0x70 ./Src/lpuart.o
                0x080005c0                LPUART1_IRQHandler
 .text.SendString
                0x08000630       0x7c ./Src/lpuart.o
                0x08000630                SendString
 .text.SendNumber
                0x080006ac       0xfc ./Src/lpuart.o
                0x080006ac                SendNumber
 .text.main     0x080007a8       0x64 ./Src/main.o
                0x080007a8                main
 .text.__NVIC_SetPriority
                0x0800080c       0x54 ./Src/sys_clocks.o
 .text.SysTick_Config
                0x08000860       0x44 ./Src/sys_clocks.o
 .text.SystemClockPLL48
                0x080008a4      0x114 ./Src/sys_clocks.o
                0x080008a4                SystemClockPLL48
 .text.SystemClockSetup
                0x080009b8       0x14 ./Src/sys_clocks.o
                0x080009b8                SystemClockSetup
 .text.SysTick_Handler
                0x080009cc       0x1c ./Src/sys_clocks.o
                0x080009cc                SysTick_Handler
 .text.Delay    0x080009e8       0x30 ./Src/sys_clocks.o
                0x080009e8                Delay
 .text.Reset_Handler
                0x08000a18       0x50 ./Startup/startup_stm32l496zgtx.o
                0x08000a18                Reset_Handler
 .text.Default_Handler
                0x08000a68        0x2 ./Startup/startup_stm32l496zgtx.o
                0x08000a68                EXTI2_IRQHandler
                0x08000a68                TIM8_TRG_COM_IRQHandler
                0x08000a68                TIM8_CC_IRQHandler
                0x08000a68                DebugMon_Handler
                0x08000a68                DMA1_CH4_IRQHandler
                0x08000a68                TIM1_CC_IRQHandler
                0x08000a68                TSC_IRQHandler
                0x08000a68                HardFault_Handler
                0x08000a68                TAMP_STAMP_IRQHandler
                0x08000a68                PendSV_Handler
                0x08000a68                NMI_Handler
                0x08000a68                CAN2_RX1_IRQHandler
                0x08000a68                EXTI3_IRQHandler
                0x08000a68                LPTIM2_IRQHandler
                0x08000a68                DFSDM1_FLT1_IRQHandler
                0x08000a68                I2C3_ER_IRQHandler
                0x08000a68                DFSDM1_FLT2_IRQHandler
                0x08000a68                TIM6_DACUNDER_IRQHandler
                0x08000a68                EXTI0_IRQHandler
                0x08000a68                I2C2_EV_IRQHandler
                0x08000a68                DMA2_CH1_IRQHandler
                0x08000a68                CAN1_RX0_IRQHandler
                0x08000a68                FPU_IRQHandler
                0x08000a68                TIM1_UP_TIM16_IRQHandler
                0x08000a68                DMA2_CH7_IRQHandler
                0x08000a68                UsageFault_Handler
                0x08000a68                CAN2_SCE_IRQHandler
                0x08000a68                ADC1_2_IRQHandler
                0x08000a68                SPI1_IRQHandler
                0x08000a68                DMA1_CH7_IRQHandler
                0x08000a68                DCMI_IRQHandler
                0x08000a68                CAN2_RX0_IRQHandler
                0x08000a68                TIM8_UP_IRQHandler
                0x08000a68                RTC_ALARM_IRQHandler
                0x08000a68                SAI2_IRQHandler
                0x08000a68                DFSDM1_FLT3_IRQHandler
                0x08000a68                DMA1_CH6_IRQHandler
                0x08000a68                USART3_IRQHandler
                0x08000a68                CAN1_RX1_IRQHandler
                0x08000a68                LCD_IRQHandler
                0x08000a68                UART5_IRQHandler
                0x08000a68                ADC3_IRQHandler
                0x08000a68                TIM4_IRQHandler
                0x08000a68                QUADSPI_IRQHandler
                0x08000a68                I2C1_EV_IRQHandler
                0x08000a68                DMA2_CH5_IRQHandler
                0x08000a68                UART4_IRQHandler
                0x08000a68                DMA1_CH3_IRQHandler
                0x08000a68                TIM3_IRQHandler
                0x08000a68                RCC_IRQHandler
                0x08000a68                Default_Handler
                0x08000a68                EXTI15_10_IRQHandler
                0x08000a68                TIM7_IRQHandler
                0x08000a68                SDMMC1_IRQHandler
                0x08000a68                CAN2_TX_IRQHandler
                0x08000a68                TIM5_IRQHandler
                0x08000a68                I2C3_EV_IRQHandler
                0x08000a68                EXTI9_5_IRQHandler
                0x08000a68                DMA1_CH2_IRQHandler
                0x08000a68                RTC_WKUP_IRQHandler
                0x08000a68                RNG_HASH_IRQHandler
                0x08000a68                PVD_PVM_IRQHandler
                0x08000a68                SPI2_IRQHandler
                0x08000a68                DMA1_CH1_IRQHandler
                0x08000a68                MemManage_Handler
                0x08000a68                CAN1_TX_IRQHandler
                0x08000a68                SVC_Handler
                0x08000a68                CRS_IRQHandler
                0x08000a68                EXTI4_IRQHandler
                0x08000a68                TIM1_TRG_COM_TIM17_IRQHandler
                0x08000a68                COMP_IRQHandler
                0x08000a68                WWDG_IRQHandler
                0x08000a68                I2C4_EV_IRQHandler
                0x08000a68                TIM2_IRQHandler
                0x08000a68                DMA2D_IRQHandler
                0x08000a68                EXTI1_IRQHandler
                0x08000a68                USART2_IRQHandler
                0x08000a68                DFSDM1_FLT0_IRQHandler
                0x08000a68                I2C2_ER_IRQHandler
                0x08000a68                TIM8_BRK_IRQHandler
                0x08000a68                CAN1_SCE_IRQHandler
                0x08000a68                FLASH_IRQHandler
                0x08000a68                BusFault_Handler
                0x08000a68                USART1_IRQHandler
                0x08000a68                OTG_FS_IRQHandler
                0x08000a68                SPI3_IRQHandler
                0x08000a68                DMA2_CH6_IRQHandler
                0x08000a68                DMA2_CH3_IRQHandler
                0x08000a68                DMA2_CH2_IRQHandler
                0x08000a68                I2C1_ER_IRQHandler
                0x08000a68                FMC_IRQHandler
                0x08000a68                DMA1_CH5_IRQHandler
                0x08000a68                DMA2_CH4_IRQHandler
                0x08000a68                SWPMI1_IRQHandler
                0x08000a68                LPTIM1_IRQHandler
                0x08000a68                I2C4_ER_IRQHandler
                0x08000a68                SAI1_IRQHandler
                0x08000a68                TIM1_BRK_TIM15_IRQHandler
 *fill*         0x08000a6a        0x2 
 .text.__libc_init_array
                0x08000a6c       0x48 C:/ST/STM32CubeIDE_1.19.0/STM32CubeIDE/plugins/com.st.stm32cube.ide.mcu.externaltools.gnu-tools-for-stm32.13.3.rel1.win32_1.0.0.202411081344/tools/bin/../lib/gcc/arm-none-eabi/13.3.1/../../../../arm-none-eabi/lib/thumb/v7e-m+fp/hard\libc_nano.a(libc_a-init.o)
                0x08000a6c                __libc_init_array
 *(.glue_7)
 .glue_7        0x08000ab4        0x0 linker stubs
 *(.glue_7t)
 .glue_7t       0x08000ab4        0x0 linker stubs
 *(.eh_frame)
 .eh_frame      0x08000ab4        0x0 C:/ST/STM32CubeIDE_1.19.0/STM32CubeIDE/plugins/com.st.stm32cube.ide.mcu.externaltools.gnu-tools-for-stm32.13.3.rel1.win32_1.0.0.202411081344/tools/bin/../lib/gcc/arm-none-eabi/13.3.1/thumb/v7e-m+fp/hard/crtbegin.o
 *(.init)
 .init          0x08000ab4        0x4 C:/ST/STM32CubeIDE_1.19.0/STM32CubeIDE/plugins/com.st.stm32cube.ide.mcu.externaltools.gnu-tools-for-stm32.13.3.rel1.win32_1.0.0.202411081344/tools/bin/../lib/gcc/arm-none-eabi/13.3.1/thumb/v7e-m+fp/hard/crti.o
                0x08000ab4                _init
 .init          0x08000ab8        0x8 C:/ST/STM32CubeIDE_1.19.0/STM32CubeIDE/plugins/com.st.stm32cube.ide.mcu.externaltools.gnu-tools-for-stm32.13.3.rel1.win32_1.0.0.202411081344/tools/bin/../lib/gcc/arm-none-eabi/13.3.1/thumb/v7e-m+fp/hard/crtn.o
 *(.fini)
 .fini          0x08000ac0        0x4 C:/ST/STM32CubeIDE_1.19.0/STM32CubeIDE/plugins/com.st.stm32cube.ide.mcu.externaltools.gnu-tools-for-stm32.13.3.rel1.win32_1.0.0.202411081344/tools/bin/../lib/gcc/arm-none-eabi/13.3.1/thumb/v7e-m+fp/hard/crti.o
                0x08000ac0                _fini
 .fini          0x08000ac4        0x8 C:/ST/STM32CubeIDE_1.19.0/STM32CubeIDE/plugins/com.st.stm32cube.ide.mcu.externaltools.gnu-tools-for-stm32.13.3.rel1.win32_1.0.0.202411081344/tools/bin/../lib/gcc/arm-none-eabi/13.3.1/thumb/v7e-m+fp/hard/crtn.o
                0x08000acc                        . = ALIGN (0x4)
                0x08000acc                        _etext = .

.vfp11_veneer   0x08000acc        0x0
 .vfp11_veneer  0x08000acc        0x0 linker stubs

.v4_bx          0x08000acc        0x0
 .v4_bx         0x08000acc        0x0 linker stubs

.iplt           0x08000acc        0x0
 .iplt          0x08000acc        0x0 C:/ST/STM32CubeIDE_1.19.0/STM32CubeIDE/plugins/com.st.stm32cube.ide.mcu.externaltools.gnu-tools-for-stm32.13.3.rel1.win32_1.0.0.202411081344/tools/bin/../lib/gcc/arm-none-eabi/13.3.1/thumb/v7e-m+fp/hard/crtbegin.o

.rodata         0x08000acc       0x10
                0x08000acc                        . = ALIGN (0x4)
 *(.rodata)
 .rodata        0x08000acc        0x4 ./Src/lpuart.o
 .rodata        0x08000ad0        0x9 ./Src/main.o
 *(.rodata*)
                0x08000adc                        . = ALIGN (0x4)
 *fill*         0x08000ad9        0x3 

.ARM.extab      0x08000adc        0x0
                0x08000adc                        . = ALIGN (0x4)
 *(.ARM.extab* .gnu.linkonce.armextab.*)
                0x08000adc                        . = ALIGN (0x4)

.ARM            0x08000adc        0x0
                0x08000adc                        . = ALIGN (0x4)
                0x08000adc                        __exidx_start = .
 *(.ARM.exidx*)
                0x08000adc                        __exidx_end = .
                0x08000adc                        . = ALIGN (0x4)

.preinit_array  0x08000adc        0x0
                0x08000adc                        . = ALIGN (0x4)
                0x08000adc                        PROVIDE (__preinit_array_start = .)
 *(.preinit_array*)
                0x08000adc                        PROVIDE (__preinit_array_end = .)
                0x08000adc                        . = ALIGN (0x4)

.init_array     0x08000adc        0x4
                0x08000adc                        . = ALIGN (0x4)
                0x08000adc                        PROVIDE (__init_array_start = .)
 *(SORT_BY_NAME(.init_array.*))
 *(.init_array*)
 .init_array    0x08000adc        0x4 C:/ST/STM32CubeIDE_1.19.0/STM32CubeIDE/plugins/com.st.stm32cube.ide.mcu.externaltools.gnu-tools-for-stm32.13.3.rel1.win32_1.0.0.202411081344/tools/bin/../lib/gcc/arm-none-eabi/13.3.1/thumb/v7e-m+fp/hard/crtbegin.o
                0x08000ae0                        PROVIDE (__init_array_end = .)
                0x08000ae0                        . = ALIGN (0x4)

.fini_array     0x08000ae0        0x4
                0x08000ae0                        . = ALIGN (0x4)
                [!provide]                        PROVIDE (__fini_array_start = .)
 *(SORT_BY_NAME(.fini_array.*))
 *(.fini_array*)
 .fini_array    0x08000ae0        0x4 C:/ST/STM32CubeIDE_1.19.0/STM32CubeIDE/plugins/com.st.stm32cube.ide.mcu.externaltools.gnu-tools-for-stm32.13.3.rel1.win32_1.0.0.202411081344/tools/bin/../lib/gcc/arm-none-eabi/13.3.1/thumb/v7e-m+fp/hard/crtbegin.o
                [!provide]                        PROVIDE (__fini_array_end = .)
                0x08000ae4                        . = ALIGN (0x4)
                0x08000ae4                        _sidata = LOADADDR (.data)

.rel.dyn        0x08000ae4        0x0
 .rel.iplt      0x08000ae4        0x0 C:/ST/STM32CubeIDE_1.19.0/STM32CubeIDE/plugins/com.st.stm32cube.ide.mcu.externaltools.gnu-tools-for-stm32.13.3.rel1.win32_1.0.0.202411081344/tools/bin/../lib/gcc/arm-none-eabi/13.3.1/thumb/v7e-m+fp/hard/crtbegin.o

.data           0x20000000        0x0 load address 0x08000ae4
                0x20000000                        . = ALIGN (0x4)
                0x20000000                        _sdata = .
 *(.data)
 *(.data*)
 *(.RamFunc)
 *(.RamFunc*)
                0x20000000                        . = ALIGN (0x4)
                0x20000000                        _edata = .
                0x08000ae4                        _sisram2 = LOADADDR (.sram2)

.igot.plt       0x20000000        0x0 load address 0x08000ae4
 .igot.plt      0x20000000        0x0 C:/ST/STM32CubeIDE_1.19.0/STM32CubeIDE/plugins/com.st.stm32cube.ide.mcu.externaltools.gnu-tools-for-stm32.13.3.rel1.win32_1.0.0.202411081344/tools/bin/../lib/gcc/arm-none-eabi/13.3.1/thumb/v7e-m+fp/hard/crtbegin.o

.sram2          0x10000000        0x0 load address 0x08000ae4
                0x10000000                        . = ALIGN (0x4)
                0x10000000                        _ssram2 = .
 *(.sram2)
 *(.sram2*)
                0x10000000                        . = ALIGN (0x4)
                0x10000000                        _esram2 = .
                0x10000000                        . = ALIGN (0x4)

.bss            0x20000000      0x230
                0x20000000                        _sbss = .
                0x20000000                        __bss_start__ = _sbss
 *(.bss)
 .bss           0x20000000       0x1c C:/ST/STM32CubeIDE_1.19.0/STM32CubeIDE/plugins/com.st.stm32cube.ide.mcu.externaltools.gnu-tools-for-stm32.13.3.rel1.win32_1.0.0.202411081344/tools/bin/../lib/gcc/arm-none-eabi/13.3.1/thumb/v7e-m+fp/hard/crtbegin.o
 *(.bss*)
 .bss.BuffTx    0x2000001c      0x200 ./Src/lpuart.o
                0x2000001c                BuffTx
 .bss.tx_busy   0x2000021c        0x4 ./Src/lpuart.o
                0x2000021c                tx_busy
 .bss.tx_index  0x20000220        0x4 ./Src/lpuart.o
                0x20000220                tx_index
 .bss.Value_adc
                0x20000224        0x4 ./Src/main.o
                0x20000224                Value_adc
 .bss.Volt_adc  0x20000228        0x4 ./Src/main.o
                0x20000228                Volt_adc
 .bss.Tick      0x2000022c        0x4 ./Src/sys_clocks.o
                0x2000022c                Tick
 *(COMMON)
                0x20000230                        . = ALIGN (0x4)
                0x20000230                        _ebss = .
                0x20000230                        __bss_end__ = _ebss

._user_heap_stack
                0x20000230      0x600
                0x20000230                        . = ALIGN (0x8)
                [!provide]                        PROVIDE (end = .)
                0x20000230                        PROVIDE (_end = .)
                0x20000430                        . = (. + _Min_Heap_Size)
 *fill*         0x20000230      0x200 
                0x20000830                        . = (. + _Min_Stack_Size)
 *fill*         0x20000430      0x400 
                0x20000830                        . = ALIGN (0x8)

/DISCARD/
 libc.a(*)
 libm.a(*)
 libgcc.a(*)

.ARM.attributes
                0x00000000       0x30
 *(.ARM.attributes)
 .ARM.attributes
                0x00000000       0x22 C:/ST/STM32CubeIDE_1.19.0/STM32CubeIDE/plugins/com.st.stm32cube.ide.mcu.externaltools.gnu-tools-for-stm32.13.3.rel1.win32_1.0.0.202411081344/tools/bin/../lib/gcc/arm-none-eabi/13.3.1/thumb/v7e-m+fp/hard/crti.o
 .ARM.attributes
                0x00000022       0x34 C:/ST/STM32CubeIDE_1.19.0/STM32CubeIDE/plugins/com.st.stm32cube.ide.mcu.externaltools.gnu-tools-for-stm32.13.3.rel1.win32_1.0.0.202411081344/tools/bin/../lib/gcc/arm-none-eabi/13.3.1/thumb/v7e-m+fp/hard/crtbegin.o
 .ARM.attributes
                0x00000056       0x34 ./Src/adc.o
 .ARM.attributes
                0x0000008a       0x34 ./Src/led.o
 .ARM.attributes
                0x000000be       0x34 ./Src/lpuart.o
 .ARM.attributes
                0x000000f2       0x34 ./Src/main.o
 .ARM.attributes
                0x00000126       0x34 ./Src/sys_clocks.o
 .ARM.attributes
                0x0000015a       0x21 ./Startup/startup_stm32l496zgtx.o
 .ARM.attributes
                0x0000017b       0x34 C:/ST/STM32CubeIDE_1.19.0/STM32CubeIDE/plugins/com.st.stm32cube.ide.mcu.externaltools.gnu-tools-for-stm32.13.3.rel1.win32_1.0.0.202411081344/tools/bin/../lib/gcc/arm-none-eabi/13.3.1/../../../../arm-none-eabi/lib/thumb/v7e-m+fp/hard\libc_nano.a(libc_a-init.o)
 .ARM.attributes
                0x000001af       0x22 C:/ST/STM32CubeIDE_1.19.0/STM32CubeIDE/plugins/com.st.stm32cube.ide.mcu.externaltools.gnu-tools-for-stm32.13.3.rel1.win32_1.0.0.202411081344/tools/bin/../lib/gcc/arm-none-eabi/13.3.1/thumb/v7e-m+fp/hard/crtn.o
OUTPUT(stm32_data_logger.elf elf32-littlearm)
LOAD linker stubs
LOAD C:/ST/STM32CubeIDE_1.19.0/STM32CubeIDE/plugins/com.st.stm32cube.ide.mcu.externaltools.gnu-tools-for-stm32.13.3.rel1.win32_1.0.0.202411081344/tools/bin/../lib/gcc/arm-none-eabi/13.3.1/../../../../arm-none-eabi/lib/thumb/v7e-m+fp/hard\libc.a
LOAD C:/ST/STM32CubeIDE_1.19.0/STM32CubeIDE/plugins/com.st.stm32cube.ide.mcu.externaltools.gnu-tools-for-stm32.13.3.rel1.win32_1.0.0.202411081344/tools/bin/../lib/gcc/arm-none-eabi/13.3.1/../../../../arm-none-eabi/lib/thumb/v7e-m+fp/hard\libm.a
LOAD C:/ST/STM32CubeIDE_1.19.0/STM32CubeIDE/plugins/com.st.stm32cube.ide.mcu.externaltools.gnu-tools-for-stm32.13.3.rel1.win32_1.0.0.202411081344/tools/bin/../lib/gcc/arm-none-eabi/13.3.1/thumb/v7e-m+fp/hard\libgcc.a

.debug_info     0x00000000     0x240c
 .debug_info    0x00000000      0x58c ./Src/adc.o
 .debug_info    0x0000058c      0x50a ./Src/led.o
 .debug_info    0x00000a96      0xc20 ./Src/lpuart.o
 .debug_info    0x000016b6      0x255 ./Src/main.o
 .debug_info    0x0000190b      0xad1 ./Src/sys_clocks.o
 .debug_info    0x000023dc       0x30 ./Startup/startup_stm32l496zgtx.o

.debug_abbrev   0x00000000      0x847
 .debug_abbrev  0x00000000      0x185 ./Src/adc.o
 .debug_abbrev  0x00000185      0x161 ./Src/led.o
 .debug_abbrev  0x000002e6      0x203 ./Src/lpuart.o
 .debug_abbrev  0x000004e9      0x14b ./Src/main.o
 .debug_abbrev  0x00000634      0x1ef ./Src/sys_clocks.o
 .debug_abbrev  0x00000823       0x24 ./Startup/startup_stm32l496zgtx.o

.debug_aranges  0x00000000      0x180
 .debug_aranges
                0x00000000       0x40 ./Src/adc.o
 .debug_aranges
                0x00000040       0x50 ./Src/led.o
 .debug_aranges
                0x00000090       0x48 ./Src/lpuart.o
 .debug_aranges
                0x000000d8       0x20 ./Src/main.o
 .debug_aranges
                0x000000f8       0x60 ./Src/sys_clocks.o
 .debug_aranges
                0x00000158       0x28 ./Startup/startup_stm32l496zgtx.o

.debug_rnglists
                0x00000000      0x10e
 .debug_rnglists
                0x00000000       0x2c ./Src/adc.o
 .debug_rnglists
                0x0000002c       0x3e ./Src/led.o
 .debug_rnglists
                0x0000006a       0x33 ./Src/lpuart.o
 .debug_rnglists
                0x0000009d       0x13 ./Src/main.o
 .debug_rnglists
                0x000000b0       0x45 ./Src/sys_clocks.o
 .debug_rnglists
                0x000000f5       0x19 ./Startup/startup_stm32l496zgtx.o

.debug_macro    0x00000000    0x1f376
 .debug_macro   0x00000000       0xd7 ./Src/adc.o
 .debug_macro   0x000000d7      0xae4 ./Src/adc.o
 .debug_macro   0x00000bbb       0x22 ./Src/adc.o
 .debug_macro   0x00000bdd       0x8e ./Src/adc.o
 .debug_macro   0x00000c6b       0x51 ./Src/adc.o
 .debug_macro   0x00000cbc      0x103 ./Src/adc.o
 .debug_macro   0x00000dbf       0x6a ./Src/adc.o
 .debug_macro   0x00000e29      0x1df ./Src/adc.o
 .debug_macro   0x00001008       0x28 ./Src/adc.o
 .debug_macro   0x00001030       0x1c ./Src/adc.o
 .debug_macro   0x0000104c       0x22 ./Src/adc.o
 .debug_macro   0x0000106e       0xfb ./Src/adc.o
 .debug_macro   0x00001169     0x1011 ./Src/adc.o
 .debug_macro   0x0000217a      0x11f ./Src/adc.o
 .debug_macro   0x00002299    0x1c1f6 ./Src/adc.o
 .debug_macro   0x0001e48f      0x1be ./Src/led.o
 .debug_macro   0x0001e64d       0x61 ./Src/led.o
 .debug_macro   0x0001e6ae       0x2a ./Src/led.o
 .debug_macro   0x0001e6d8       0x43 ./Src/led.o
 .debug_macro   0x0001e71b       0x34 ./Src/led.o
 .debug_macro   0x0001e74f      0x190 ./Src/led.o
 .debug_macro   0x0001e8df      0x370 ./Src/led.o
 .debug_macro   0x0001ec4f       0x16 ./Src/led.o
 .debug_macro   0x0001ec65       0x4a ./Src/led.o
 .debug_macro   0x0001ecaf       0x34 ./Src/led.o
 .debug_macro   0x0001ece3       0x10 ./Src/led.o
 .debug_macro   0x0001ecf3       0x58 ./Src/led.o
 .debug_macro   0x0001ed4b       0x8e ./Src/led.o
 .debug_macro   0x0001edd9       0x1c ./Src/led.o
 .debug_macro   0x0001edf5      0x185 ./Src/led.o
 .debug_macro   0x0001ef7a       0x10 ./Src/led.o
 .debug_macro   0x0001ef8a       0x3c ./Src/led.o
 .debug_macro   0x0001efc6       0x20 ./Src/led.o
 .debug_macro   0x0001efe6      0x1c4 ./Src/lpuart.o
 .debug_macro   0x0001f1aa       0xf5 ./Src/main.o
 .debug_macro   0x0001f29f       0xd7 ./Src/sys_clocks.o

.debug_line     0x00000000     0x23da
 .debug_line    0x00000000      0x60a ./Src/adc.o
 .debug_line    0x0000060a      0x84b ./Src/led.o
 .debug_line    0x00000e55      0x80f ./Src/lpuart.o
 .debug_line    0x00001664      0x52b ./Src/main.o
 .debug_line    0x00001b8f      0x7d0 ./Src/sys_clocks.o
 .debug_line    0x0000235f       0x7b ./Startup/startup_stm32l496zgtx.o

.debug_str      0x00000000    0xac7bd
 .debug_str     0x00000000    0xac7bd ./Src/adc.o
                              0xa8c0d (size before relaxing)
 .debug_str     0x000ac7bd    0xac12b ./Src/led.o
 .debug_str     0x000ac7bd    0xac7e2 ./Src/lpuart.o
 .debug_str     0x000ac7bd    0xa8a98 ./Src/main.o
 .debug_str     0x000ac7bd    0xa9239 ./Src/sys_clocks.o
 .debug_str     0x000ac7bd       0x7c ./Startup/startup_stm32l496zgtx.o

.comment        0x00000000       0x43
 .comment       0x00000000       0x43 ./Src/adc.o
                                 0x44 (size before relaxing)
 .comment       0x00000043       0x44 ./Src/led.o
 .comment       0x00000043       0x44 ./Src/lpuart.o
 .comment       0x00000043       0x44 ./Src/main.o
 .comment       0x00000043       0x44 ./Src/sys_clocks.o

.debug_frame    0x00000000      0x45c
 .debug_frame   0x00000000       0xc0 ./Src/adc.o
 .debug_frame   0x000000c0      0x114 ./Src/led.o
 .debug_frame   0x000001d4       0xf0 ./Src/lpuart.o
 .debug_frame   0x000002c4       0x2c ./Src/main.o
 .debug_frame   0x000002f0      0x140 ./Src/sys_clocks.o
 .debug_frame   0x00000430       0x2c C:/ST/STM32CubeIDE_1.19.0/STM32CubeIDE/plugins/com.st.stm32cube.ide.mcu.externaltools.gnu-tools-for-stm32.13.3.rel1.win32_1.0.0.202411081344/tools/bin/../lib/gcc/arm-none-eabi/13.3.1/../../../../arm-none-eabi/lib/thumb/v7e-m+fp/hard\libc_nano.a(libc_a-init.o)

.debug_line_str
                0x00000000       0x60
 .debug_line_str
                0x00000000       0x60 ./Startup/startup_stm32l496zgtx.o
