Archive member included to satisfy reference by file (symbol)

C:/ST/STM32CubeIDE_1.19.0/STM32CubeIDE/plugins/com.st.stm32cube.ide.mcu.externaltools.gnu-tools-for-stm32.13.3.rel1.win32_1.0.0.202411081344/tools/bin/../lib/gcc/arm-none-eabi/13.3.1/../../../../arm-none-eabi/lib/thumb/v7e-m+fp/hard\libc_nano.a(libc_a-exit.o)
                              C:/ST/STM32CubeIDE_1.19.0/STM32CubeIDE/plugins/com.st.stm32cube.ide.mcu.externaltools.gnu-tools-for-stm32.13.3.rel1.win32_1.0.0.202411081344/tools/bin/../lib/gcc/arm-none-eabi/13.3.1/../../../../arm-none-eabi/lib/thumb/v7e-m+fp/hard/crt0.o (exit)
C:/ST/STM32CubeIDE_1.19.0/STM32CubeIDE/plugins/com.st.stm32cube.ide.mcu.externaltools.gnu-tools-for-stm32.13.3.rel1.win32_1.0.0.202411081344/tools/bin/../lib/gcc/arm-none-eabi/13.3.1/../../../../arm-none-eabi/lib/thumb/v7e-m+fp/hard\libc_nano.a(libc_a-findfp.o)
                              C:/ST/STM32CubeIDE_1.19.0/STM32CubeIDE/plugins/com.st.stm32cube.ide.mcu.externaltools.gnu-tools-for-stm32.13.3.rel1.win32_1.0.0.202411081344/tools/bin/../lib/gcc/arm-none-eabi/13.3.1/../../../../arm-none-eabi/lib/thumb/v7e-m+fp/hard\libc_nano.a(libc_a-exit.o) (__stdio_exit_handler)
C:/ST/STM32CubeIDE_1.19.0/STM32CubeIDE/plugins/com.st.stm32cube.ide.mcu.externaltools.gnu-tools-for-stm32.13.3.rel1.win32_1.0.0.202411081344/tools/bin/../lib/gcc/arm-none-eabi/13.3.1/../../../../arm-none-eabi/lib/thumb/v7e-m+fp/hard\libc_nano.a(libc_a-fwalk.o)
                              C:/ST/STM32CubeIDE_1.19.0/STM32CubeIDE/plugins/com.st.stm32cube.ide.mcu.externaltools.gnu-tools-for-stm32.13.3.rel1.win32_1.0.0.202411081344/tools/bin/../lib/gcc/arm-none-eabi/13.3.1/../../../../arm-none-eabi/lib/thumb/v7e-m+fp/hard\libc_nano.a(libc_a-findfp.o) (_fwalk_sglue)
C:/ST/STM32CubeIDE_1.19.0/STM32CubeIDE/plugins/com.st.stm32cube.ide.mcu.externaltools.gnu-tools-for-stm32.13.3.rel1.win32_1.0.0.202411081344/tools/bin/../lib/gcc/arm-none-eabi/13.3.1/../../../../arm-none-eabi/lib/thumb/v7e-m+fp/hard\libc_nano.a(libc_a-stdio.o)
                              C:/ST/STM32CubeIDE_1.19.0/STM32CubeIDE/plugins/com.st.stm32cube.ide.mcu.externaltools.gnu-tools-for-stm32.13.3.rel1.win32_1.0.0.202411081344/tools/bin/../lib/gcc/arm-none-eabi/13.3.1/../../../../arm-none-eabi/lib/thumb/v7e-m+fp/hard\libc_nano.a(libc_a-findfp.o) (__sread)
C:/ST/STM32CubeIDE_1.19.0/STM32CubeIDE/plugins/com.st.stm32cube.ide.mcu.externaltools.gnu-tools-for-stm32.13.3.rel1.win32_1.0.0.202411081344/tools/bin/../lib/gcc/arm-none-eabi/13.3.1/../../../../arm-none-eabi/lib/thumb/v7e-m+fp/hard\libc_nano.a(libc_a-memset.o)
                              C:/ST/STM32CubeIDE_1.19.0/STM32CubeIDE/plugins/com.st.stm32cube.ide.mcu.externaltools.gnu-tools-for-stm32.13.3.rel1.win32_1.0.0.202411081344/tools/bin/../lib/gcc/arm-none-eabi/13.3.1/../../../../arm-none-eabi/lib/thumb/v7e-m+fp/hard/crt0.o (memset)
C:/ST/STM32CubeIDE_1.19.0/STM32CubeIDE/plugins/com.st.stm32cube.ide.mcu.externaltools.gnu-tools-for-stm32.13.3.rel1.win32_1.0.0.202411081344/tools/bin/../lib/gcc/arm-none-eabi/13.3.1/../../../../arm-none-eabi/lib/thumb/v7e-m+fp/hard\libc_nano.a(libc_a-closer.o)
                              C:/ST/STM32CubeIDE_1.19.0/STM32CubeIDE/plugins/com.st.stm32cube.ide.mcu.externaltools.gnu-tools-for-stm32.13.3.rel1.win32_1.0.0.202411081344/tools/bin/../lib/gcc/arm-none-eabi/13.3.1/../../../../arm-none-eabi/lib/thumb/v7e-m+fp/hard\libc_nano.a(libc_a-stdio.o) (_close_r)
C:/ST/STM32CubeIDE_1.19.0/STM32CubeIDE/plugins/com.st.stm32cube.ide.mcu.externaltools.gnu-tools-for-stm32.13.3.rel1.win32_1.0.0.202411081344/tools/bin/../lib/gcc/arm-none-eabi/13.3.1/../../../../arm-none-eabi/lib/thumb/v7e-m+fp/hard\libc_nano.a(libc_a-reent.o)
                              C:/ST/STM32CubeIDE_1.19.0/STM32CubeIDE/plugins/com.st.stm32cube.ide.mcu.externaltools.gnu-tools-for-stm32.13.3.rel1.win32_1.0.0.202411081344/tools/bin/../lib/gcc/arm-none-eabi/13.3.1/../../../../arm-none-eabi/lib/thumb/v7e-m+fp/hard\libc_nano.a(libc_a-closer.o) (errno)
C:/ST/STM32CubeIDE_1.19.0/STM32CubeIDE/plugins/com.st.stm32cube.ide.mcu.externaltools.gnu-tools-for-stm32.13.3.rel1.win32_1.0.0.202411081344/tools/bin/../lib/gcc/arm-none-eabi/13.3.1/../../../../arm-none-eabi/lib/thumb/v7e-m+fp/hard\libc_nano.a(libc_a-impure.o)
                              C:/ST/STM32CubeIDE_1.19.0/STM32CubeIDE/plugins/com.st.stm32cube.ide.mcu.externaltools.gnu-tools-for-stm32.13.3.rel1.win32_1.0.0.202411081344/tools/bin/../lib/gcc/arm-none-eabi/13.3.1/../../../../arm-none-eabi/lib/thumb/v7e-m+fp/hard\libc_nano.a(libc_a-reent.o) (_impure_ptr)
C:/ST/STM32CubeIDE_1.19.0/STM32CubeIDE/plugins/com.st.stm32cube.ide.mcu.externaltools.gnu-tools-for-stm32.13.3.rel1.win32_1.0.0.202411081344/tools/bin/../lib/gcc/arm-none-eabi/13.3.1/../../../../arm-none-eabi/lib/thumb/v7e-m+fp/hard\libc_nano.a(libc_a-lseekr.o)
[...]
Memory Configuration

Name             Origin             Length             Attributes
RAM              0x20000000         0x00050000         xrw
SRAM2            0x10000000         0x00010000         xrw
FLASH            0x08000000         0x00100000         xr
*default*        0x00000000         0xffffffff

Linker script and memory map

LOAD C:/ST/STM32CubeIDE_1.19.0/STM32CubeIDE/plugins/com.st.stm32cube.ide.mcu.externaltools.gnu-tools-for-stm32.13.3.rel1.win32_1.0.0.202411081344/tools/bin/../lib/gcc/arm-none-eabi/13.3.1/thumb/v7e-m+fp/hard/crti.o
LOAD C:/ST/STM32CubeIDE_1.19.0/STM32CubeIDE/plugins/com.st.stm32cube.ide.mcu.externaltools.gnu-tools-for-stm32.13.3.rel1.win32_1.0.0.202411081344/tools/bin/../lib/gcc/arm-none-eabi/13.3.1/thumb/v7e-m+fp/hard/crtbegin.o
LOAD C:/ST/STM32CubeIDE_1.19.0/STM32CubeIDE/plugins/com.st.stm32cube.ide.mcu.externaltools.gnu-tools-for-stm32.13.3.rel1.win32_1.0.0.202411081344/tools/bin/../lib/gcc/arm-none-eabi/13.3.1/../../../../arm-none-eabi/lib/thumb/v7e-m+fp/hard/crt0.o
LOAD ./Src/SEG_7.o
LOAD ./Src/button.o
LOAD ./Src/led.o
LOAD ./Src/lpuart.o
LOAD ./Src/main.o
LOAD ./Src/sys_clocks.o
LOAD ./Src/syscalls.o
LOAD ./Src/sysmem.o
LOAD ./Startup/startup_stm32l496zgtx.o
START GROUP
LOAD C:/ST/STM32CubeIDE_1.19.0/STM32CubeIDE/plugins/com.st.stm32cube.ide.mcu.externaltools.gnu-tools-for-stm32.13.3.rel1.win32_1.0.0.202411081344/tools/bin/../lib/gcc/arm-none-eabi/13.3.1/../../../../arm-none-eabi/lib/thumb/v7e-m+fp/hard\libc_nano.a
LOAD C:/ST/STM32CubeIDE_1.19.0/STM32CubeIDE/plugins/com.st.stm32cube.ide.mcu.externaltools.gnu-tools-for-stm32.13.3.rel1.win32_1.0.0.202411081344/tools/bin/../lib/gcc/arm-none-eabi/13.3.1/../../../../arm-none-eabi/lib/thumb/v7e-m+fp/hard\libm.a
END GROUP
START GROUP
LOAD C:/ST/STM32CubeIDE_1.19.0/STM32CubeIDE/plugins/com.st.stm32cube.ide.mcu.externaltools.gnu-tools-for-stm32.13.3.rel1.win32_1.0.0.202411081344/tools/bin/../lib/gcc/arm-none-eabi/13.3.1/thumb/v7e-m+fp/hard\libgcc.a
LOAD C:/ST/STM32CubeIDE_1.19.0/STM32CubeIDE/plugins/com.st.stm32cube.ide.mcu.externaltools.gnu-tools-for-stm32.13.3.rel1.win32_1.0.0.202411081344/tools/bin/../lib/gcc/arm-none-eabi/13.3.1/../../../../arm-none-eabi/lib/thumb/v7e-m+fp/hard\libc_nano.a
END GROUP
START GROUP
LOAD C:/ST/STM32CubeIDE_1.19.0/STM32CubeIDE/plugins/com.st.stm32cube.ide.mcu.externaltools.gnu-tools-for-stm32.13.3.rel1.win32_1.0.0.202411081344/tools/bin/../lib/gcc/arm-none-eabi/13.3.1/thumb/v7e-m+fp/hard\libgcc.a
LOAD C:/ST/STM32CubeIDE_1.19.0/STM32CubeIDE/plugins/com.st.stm32cube.ide.mcu.externaltools.gnu-tools-for-stm32.13.3.rel1.win32_1.0.0.202411081344/tools/bin/../lib/gcc/arm-none-eabi/13.3.1/../../../../arm-none-eabi/lib/thumb/v7e-m+fp/hard\libc_nano.a
LOAD C:/ST/STM32CubeIDE_1.19.0/STM32CubeIDE/plugins/com.st.stm32cube.ide.mcu.externaltools.gnu-tools-for-stm32.13.3.rel1.win32_1.0.0.202411081344/tools/bin/../lib/gcc/arm-none-eabi/13.3.1/../../../../arm-none-eabi/lib/thumb/v7e-m+fp/hard\libnosys.a
END GROUP
START GROUP
LOAD C:/ST/STM32CubeIDE_1.19.0/STM32CubeIDE/plugins/com.st.stm32cube.ide.mcu.externaltools.gnu-tools-for-stm32.13.3.rel1.win32_1.0.0.202411081344/tools/bin/../lib/gcc/arm-none-eabi/13.3.1/thumb/v7e-m+fp/hard\libgcc.a
LOAD C:/ST/STM32CubeIDE_1.19.0/STM32CubeIDE/plugins/com.st.stm32cube.ide.mcu.externaltools.gnu-tools-for-stm32.13.3.rel1.win32_1.0.0.202411081344/tools/bin/../lib/gcc/arm-none-eabi/13.3.1/../../../../arm-none-eabi/lib/thumb/v7e-m+fp/hard\libc_nano.a
LOAD C:/ST/STM32CubeIDE_1.19.0/STM32CubeIDE/plugins/com.st.stm32cube.ide.mcu.externaltools.gnu-tools-for-stm32.13.3.rel1.win32_1.0.0.202411081344/tools/bin/../lib/gcc/arm-none-eabi/13.3.1/../../../../arm-none-eabi/lib/thumb/v7e-m+fp/hard\libnosys.a
END GROUP
LOAD C:/ST/STM32CubeIDE_1.19.0/STM32CubeIDE/plugins/com.st.stm32cube.ide.mcu.externaltools.gnu-tools-for-stm32.13.3.rel1.win32_1.0.0.202411081344/tools/bin/../lib/gcc/arm-none-eabi/13.3.1/thumb/v7e-m+fp/hard/crtend.o
LOAD C:/ST/STM32CubeIDE_1.19.0/STM32CubeIDE/plugins/com.st.stm32cube.ide.mcu.externaltools.gnu-tools-for-stm32.13.3.rel1.win32_1.0.0.202411081344/tools/bin/../lib/gcc/arm-none-eabi/13.3.1/thumb/v7e-m+fp/hard/crtn.o
                0x20050000                        _estack = (ORIGIN (RAM) + LENGTH (RAM))
                0x00000200                        _Min_Heap_Size = 0x200
                0x00000400                        _Min_Stack_Size = 0x400

.isr_vector     0x08000000      0x1ac
                0x08000000                        . = ALIGN (0x4)
 *(.isr_vector)
 .isr_vector    0x08000000      0x1ac ./Startup/startup_stm32l496zgtx.o
                0x08000000                g_pfnVectors
                0x080001ac                        . = ALIGN (0x4)

.text           0x080001ac     0x20bc
                0x080001ac                        . = ALIGN (0x4)
 *(.text)
 .text          0x080001ac       0x40 C:/ST/STM32CubeIDE_1.19.0/STM32CubeIDE/plugins/com.st.stm32cube.ide.mcu.externaltools.gnu-tools-for-stm32.13.3.rel1.win32_1.0.0.202411081344/tools/bin/../lib/gcc/arm-none-eabi/13.3.1/thumb/v7e-m+fp/hard/crtbegin.o
 .text          0x080001ec       0x14 C:/ST/STM32CubeIDE_1.19.0/STM32CubeIDE/plugins/com.st.stm32cube.ide.mcu.externaltools.gnu-tools-for-stm32.13.3.rel1.win32_1.0.0.202411081344/tools/bin/../lib/gcc/arm-none-eabi/13.3.1/../../../../arm-none-eabi/lib/thumb/v7e-m+fp/hard\libc_nano.a(libc_a-strcmp.o)
                0x080001ec                strcmp
 .text          0x08000200       0x10 C:/ST/STM32CubeIDE_1.19.0/STM32CubeIDE/plugins/com.st.stm32cube.ide.mcu.externaltools.gnu-tools-for-stm32.13.3.rel1.win32_1.0.0.202411081344/tools/bin/../lib/gcc/arm-none-eabi/13.3.1/../../../../arm-none-eabi/lib/thumb/v7e-m+fp/hard\libc_nano.a(libc_a-strlen.o)
                0x08000200                strlen
 *(.text*)
 .text.Seg_7_Conf
                0x08000210      0x188 ./Src/SEG_7.o
                0x08000210                Seg_7_Conf
 .text.Seg_ON   0x08000398       0xd8 ./Src/SEG_7.o
                0x08000398                Seg_ON
 .text.Seg_On_place
                0x08000470       0x70 ./Src/SEG_7.o
                0x08000470                Seg_On_place
 .text.Seg_OFF_place
                0x080004e0       0x70 ./Src/SEG_7.o
                0x080004e0                Seg_OFF_place
 .text.Seg_OFF  0x08000550       0xd8 ./Src/SEG_7.o
                0x08000550                Seg_OFF
 .text.Seg_number_On
                0x08000628      0x1e8 ./Src/SEG_7.o
                0x08000628                Seg_number_On
 .text.Seg_4numbers_On
                0x08000810       0x8c ./Src/SEG_7.o
                0x08000810                Seg_4numbers_On
 .text.Seg_RefreshStep
                0x0800089c       0x70 ./Src/SEG_7.o
                0x0800089c                Seg_RefreshStep
 .text.stoperStart
                0x0800090c       0x28 ./Src/SEG_7.o
                0x0800090c                stoperStart
 .text.stoperStop
                0x08000934       0x18 ./Src/SEG_7.o
                0x08000934                stoperStop
 .text.stoperReset
                0x0800094c       0x50 ./Src/SEG_7.o
                0x0800094c                stoperReset
 .text.stoperUpdate
                0x0800099c      0x110 ./Src/SEG_7.o
                0x0800099c                stoperUpdate
 .text.IsNumber
                0x08000aac       0x5c ./Src/SEG_7.o
                0x08000aac                IsNumber
 .text.button_init
                0x08000b08       0x60 ./Src/button.o
                0x08000b08                button_init
 .text.buttonOK_pressed
                0x08000b68       0x24 ./Src/button.o
                0x08000b68                buttonOK_pressed
 .text.buttonOK_clicked
                0x08000b8c       0x88 ./Src/button.o
                0x08000b8c                buttonOK_clicked
 .text.buttonLT_pressed
                0x08000c14       0x24 ./Src/button.o
                0x08000c14                buttonLT_pressed
 .text.buttonLT_clicked
                0x08000c38       0xb8 ./Src/button.o
                0x08000c38                buttonLT_clicked
 .text.buttonRT_pressed
                0x08000cf0       0x24 ./Src/button.o
                0x08000cf0                buttonRT_pressed
 .text.buttonRT_clicked
                0x08000d14       0xbc ./Src/button.o
                0x08000d14                buttonRT_clicked
 .text.buttonDN_pressed
                0x08000dd0       0x24 ./Src/button.o
                0x08000dd0                buttonDN_pressed
 .text.buttonDN_clicked
                0x08000df4       0x6c ./Src/button.o
                0x08000df4                buttonDN_clicked
 .text.buttonUP_pressed
                0x08000e60       0x24 ./Src/button.o
                0x08000e60                buttonUP_pressed
 .text.buttonUP_clicked
                0x08000e84       0x68 ./Src/button.o
                0x08000e84                buttonUP_clicked
 .text.buttonUP_clicked_Seg
                0x08000eec       0x98 ./Src/button.o
                0x08000eec                buttonUP_clicked_Seg
 .text.buttonRT_clicked_Seg
                0x08000f84       0x7c ./Src/button.o
                0x08000f84                buttonRT_clicked_Seg
 .text.buttonLT_clicked_Seg
                0x08001000       0x7c ./Src/button.o
                0x08001000                buttonLT_clicked_Seg
 .text.buttonDN_clicked_Seg
                0x0800107c       0x98 ./Src/button.o
                0x0800107c                buttonDN_clicked_Seg
 .text.buttonOK_clicked_Seg
                0x08001114       0x74 ./Src/button.o
                0x08001114                buttonOK_clicked_Seg
 .text.LedConf  0x08001188      0x104 ./Src/led.o
                0x08001188                LedConf
 .text.Led_ON   0x0800128c       0x84 ./Src/led.o
                0x0800128c                Led_ON
 .text.Led_OFF  0x08001310       0x90 ./Src/led.o
                0x08001310                Led_OFF
 .text.Led_TOGGLE
                0x080013a0       0x90 ./Src/led.o
                0x080013a0                Led_TOGGLE
 .text.LedN_ON  0x08001430       0xa4 ./Src/led.o
                0x08001430                LedN_ON
 .text.LedN_OFF
                0x080014d4       0xa4 ./Src/led.o
                0x080014d4                LedN_OFF
 .text.LedN_TOGGLE
                0x08001578       0xa4 ./Src/led.o
                0x08001578                LedN_TOGGLE
 .text.LPUART1_Menu
                0x0800161c      0x4a0 ./Src/led.o
                0x0800161c                LPUART1_Menu
 .text.toggle   0x08001abc       0x34 ./Src/led.o
                0x08001abc                toggle
 .text.led_on   0x08001af0       0x34 ./Src/led.o
                0x08001af0                led_on
 .text.led_off  0x08001b24       0x34 ./Src/led.o
                0x08001b24                led_off
 .text.led_config
                0x08001b58       0x7c ./Src/led.o
                0x08001b58                led_config
 .text.LedUpdate
                0x08001bd4       0xc0 ./Src/led.o
                0x08001bd4                LedUpdate
 .text.LedStart
                0x08001c94       0x50 ./Src/led.o
                0x08001c94                LedStart
 .text.IsNumberLed
                0x08001ce4       0x4c ./Src/led.o
                0x08001ce4                IsNumberLed
 .text.__NVIC_EnableIRQ
                0x08001d30       0x3c ./Src/lpuart.o
 .text.__NVIC_SetPriority
                0x08001d6c       0x54 ./Src/lpuart.o
 .text.LPUART1_config
                0x08001dc0       0x9c ./Src/lpuart.o
                0x08001dc0                LPUART1_config
 .text.GetStringLPUART1
                0x08001e5c       0x68 ./Src/lpuart.o
                0x08001e5c                GetStringLPUART1
 .text.LPUART1_IRQHandler
                0x08001ec4       0x70 ./Src/lpuart.o
                0x08001ec4                LPUART1_IRQHandler
 .text.SendString
                0x08001f34       0x8c ./Src/lpuart.o
                0x08001f34                SendString
 .text.main     0x08001fc0       0x28 ./Src/main.o
                0x08001fc0                main
 .text.__NVIC_SetPriority
                0x08001fe8       0x54 ./Src/sys_clocks.o
 .text.SysTick_Config
                0x0800203c       0x44 ./Src/sys_clocks.o
 .text.SystemClockPLL48
                0x08002080      0x104 ./Src/sys_clocks.o
                0x08002080                SystemClockPLL48
 .text.SystemClockSetup
                0x08002184       0x14 ./Src/sys_clocks.o
                0x08002184                SystemClockSetup
 .text.SysTick_Handler
                0x08002198       0x1c ./Src/sys_clocks.o
                0x08002198                SysTick_Handler
 .text.Reset_Handler
                0x080021b4       0x50 ./Startup/startup_stm32l496zgtx.o
                0x080021b4                Reset_Handler
 .text.Default_Handler
                0x08002204        0x2 ./Startup/startup_stm32l496zgtx.o
                0x08002204                EXTI2_IRQHandler
                0x08002204                TIM8_TRG_COM_IRQHandler
                0x08002204                TIM8_CC_IRQHandler
                0x08002204                DebugMon_Handler
                0x08002204                DMA1_CH4_IRQHandler
                0x08002204                TIM1_CC_IRQHandler
                0x08002204                TSC_IRQHandler
                0x08002204                HardFault_Handler
                0x08002204                TAMP_STAMP_IRQHandler
                0x08002204                PendSV_Handler
                0x08002204                NMI_Handler
                0x08002204                CAN2_RX1_IRQHandler
                0x08002204                EXTI3_IRQHandler
                0x08002204                LPTIM2_IRQHandler
                0x08002204                DFSDM1_FLT1_IRQHandler
                0x08002204                I2C3_ER_IRQHandler
                0x08002204                DFSDM1_FLT2_IRQHandler
                0x08002204                TIM6_DACUNDER_IRQHandler
                0x08002204                EXTI0_IRQHandler
                0x08002204                I2C2_EV_IRQHandler
                0x08002204                DMA2_CH1_IRQHandler
                0x08002204                CAN1_RX0_IRQHandler
                0x08002204                FPU_IRQHandler
                0x08002204                TIM1_UP_TIM16_IRQHandler
                0x08002204                DMA2_CH7_IRQHandler
                0x08002204                UsageFault_Handler
                0x08002204                CAN2_SCE_IRQHandler
                0x08002204                ADC1_2_IRQHandler
                0x08002204                SPI1_IRQHandler
                0x08002204                DMA1_CH7_IRQHandler
                0x08002204                DCMI_IRQHandler
                0x08002204                CAN2_RX0_IRQHandler
                0x08002204                TIM8_UP_IRQHandler
                0x08002204                RTC_ALARM_IRQHandler
                0x08002204                SAI2_IRQHandler
                0x08002204                DFSDM1_FLT3_IRQHandler
                0x08002204                DMA1_CH6_IRQHandler
                0x08002204                USART3_IRQHandler
                0x08002204                CAN1_RX1_IRQHandler
                0x08002204                LCD_IRQHandler
                0x08002204                UART5_IRQHandler
                0x08002204                ADC3_IRQHandler
                0x08002204                TIM4_IRQHandler
                0x08002204                QUADSPI_IRQHandler
                0x08002204                I2C1_EV_IRQHandler
                0x08002204                DMA2_CH5_IRQHandler
                0x08002204                UART4_IRQHandler
                0x08002204                DMA1_CH3_IRQHandler
                0x08002204                TIM3_IRQHandler
                0x08002204                RCC_IRQHandler
                0x08002204                Default_Handler
                0x08002204                EXTI15_10_IRQHandler
                0x08002204                TIM7_IRQHandler
                0x08002204                SDMMC1_IRQHandler
                0x08002204                CAN2_TX_IRQHandler
                0x08002204                TIM5_IRQHandler
                0x08002204                I2C3_EV_IRQHandler
                0x08002204                EXTI9_5_IRQHandler
                0x08002204                DMA1_CH2_IRQHandler
                0x08002204                RTC_WKUP_IRQHandler
                0x08002204                RNG_HASH_IRQHandler
                0x08002204                PVD_PVM_IRQHandler
                0x08002204                SPI2_IRQHandler
                0x08002204                DMA1_CH1_IRQHandler
                0x08002204                MemManage_Handler
                0x08002204                CAN1_TX_IRQHandler
                0x08002204                SVC_Handler
                0x08002204                CRS_IRQHandler
                0x08002204                EXTI4_IRQHandler
                0x08002204                TIM1_TRG_COM_TIM17_IRQHandler
                0x08002204                COMP_IRQHandler
                0x08002204                WWDG_IRQHandler
                0x08002204                I2C4_EV_IRQHandler
                0x08002204                TIM2_IRQHandler
                0x08002204                DMA2D_IRQHandler
                0x08002204                EXTI1_IRQHandler
                0x08002204                USART2_IRQHandler
                0x08002204                DFSDM1_FLT0_IRQHandler
                0x08002204                I2C2_ER_IRQHandler
                0x08002204                TIM8_BRK_IRQHandler
                0x08002204                CAN1_SCE_IRQHandler
                0x08002204                FLASH_IRQHandler
                0x08002204                BusFault_Handler
                0x08002204                USART1_IRQHandler
                0x08002204                OTG_FS_IRQHandler
                0x08002204                SPI3_IRQHandler
                0x08002204                DMA2_CH6_IRQHandler
                0x08002204                DMA2_CH3_IRQHandler
                0x08002204                DMA2_CH2_IRQHandler
                0x08002204                I2C1_ER_IRQHandler
                0x08002204                FMC_IRQHandler
                0x08002204                DMA1_CH5_IRQHandler
                0x08002204                DMA2_CH4_IRQHandler
                0x08002204                SWPMI1_IRQHandler
                0x08002204                LPTIM1_IRQHandler
                0x08002204                I2C4_ER_IRQHandler
                0x08002204                SAI1_IRQHandler
                0x08002204                TIM1_BRK_TIM15_IRQHandler
 *fill*         0x08002206        0x2 
 .text.__libc_init_array
                0x08002208       0x48 C:/ST/STM32CubeIDE_1.19.0/STM32CubeIDE/plugins/com.st.stm32cube.ide.mcu.externaltools.gnu-tools-for-stm32.13.3.rel1.win32_1.0.0.202411081344/tools/bin/../lib/gcc/arm-none-eabi/13.3.1/../../../../arm-none-eabi/lib/thumb/v7e-m+fp/hard\libc_nano.a(libc_a-init.o)
                0x08002208                __libc_init_array
 *(.glue_7)
 .glue_7        0x08002250        0x0 linker stubs
 *(.glue_7t)
 .glue_7t       0x08002250        0x0 linker stubs
 *(.eh_frame)
 .eh_frame      0x08002250        0x0 C:/ST/STM32CubeIDE_1.19.0/STM32CubeIDE/plugins/com.st.stm32cube.ide.mcu.externaltools.gnu-tools-for-stm32.13.3.rel1.win32_1.0.0.202411081344/tools/bin/../lib/gcc/arm-none-eabi/13.3.1/thumb/v7e-m+fp/hard/crtbegin.o
 *(.init)
 .init          0x08002250        0x4 C:/ST/STM32CubeIDE_1.19.0/STM32CubeIDE/plugins/com.st.stm32cube.ide.mcu.externaltools.gnu-tools-for-stm32.13.3.rel1.win32_1.0.0.202411081344/tools/bin/../lib/gcc/arm-none-eabi/13.3.1/thumb/v7e-m+fp/hard/crti.o
                0x08002250                _init
 .init          0x08002254        0x8 C:/ST/STM32CubeIDE_1.19.0/STM32CubeIDE/plugins/com.st.stm32cube.ide.mcu.externaltools.gnu-tools-for-stm32.13.3.rel1.win32_1.0.0.202411081344/tools/bin/../lib/gcc/arm-none-eabi/13.3.1/thumb/v7e-m+fp/hard/crtn.o
 *(.fini)
 .fini          0x0800225c        0x4 C:/ST/STM32CubeIDE_1.19.0/STM32CubeIDE/plugins/com.st.stm32cube.ide.mcu.externaltools.gnu-tools-for-stm32.13.3.rel1.win32_1.0.0.202411081344/tools/bin/../lib/gcc/arm-none-eabi/13.3.1/thumb/v7e-m+fp/hard/crti.o
                0x0800225c                _fini
 .fini          0x08002260        0x8 C:/ST/STM32CubeIDE_1.19.0/STM32CubeIDE/plugins/com.st.stm32cube.ide.mcu.externaltools.gnu-tools-for-stm32.13.3.rel1.win32_1.0.0.202411081344/tools/bin/../lib/gcc/arm-none-eabi/13.3.1/thumb/v7e-m+fp/hard/crtn.o
                0x08002268                        . = ALIGN (0x4)
                0x08002268                        _etext = .

.vfp11_veneer   0x08002268        0x0
 .vfp11_veneer  0x08002268        0x0 linker stubs

.v4_bx          0x08002268        0x0
 .v4_bx         0x08002268        0x0 linker stubs

.iplt           0x08002268        0x0
 .iplt          0x08002268        0x0 C:/ST/STM32CubeIDE_1.19.0/STM32CubeIDE/plugins/com.st.stm32cube.ide.mcu.externaltools.gnu-tools-for-stm32.13.3.rel1.win32_1.0.0.202411081344/tools/bin/../lib/gcc/arm-none-eabi/13.3.1/thumb/v7e-m+fp/hard/crtbegin.o

.rodata         0x08002268      0x43c
                0x08002268                        . = ALIGN (0x4)
 *(.rodata)
 .rodata        0x08002268      0x3e1 ./Src/led.o
 *fill*         0x08002649        0x3 
 .rodata        0x0800264c       0x55 ./Src/main.o
 *(.rodata*)
                0x080026a4                        . = ALIGN (0x4)
 *fill*         0x080026a1        0x3 

.ARM.extab      0x080026a4        0x0
                0x080026a4                        . = ALIGN (0x4)
 *(.ARM.extab* .gnu.linkonce.armextab.*)
                0x080026a4                        . = ALIGN (0x4)

.ARM            0x080026a4        0x8
                0x080026a4                        . = ALIGN (0x4)
                0x080026a4                        __exidx_start = .
 *(.ARM.exidx*)
 .ARM.exidx     0x080026a4        0x8 C:/ST/STM32CubeIDE_1.19.0/STM32CubeIDE/plugins/com.st.stm32cube.ide.mcu.externaltools.gnu-tools-for-stm32.13.3.rel1.win32_1.0.0.202411081344/tools/bin/../lib/gcc/arm-none-eabi/13.3.1/../../../../arm-none-eabi/lib/thumb/v7e-m+fp/hard\libc_nano.a(libc_a-strcmp.o)
 .ARM.exidx     0x080026ac        0x0 C:/ST/STM32CubeIDE_1.19.0/STM32CubeIDE/plugins/com.st.stm32cube.ide.mcu.externaltools.gnu-tools-for-stm32.13.3.rel1.win32_1.0.0.202411081344/tools/bin/../lib/gcc/arm-none-eabi/13.3.1/../../../../arm-none-eabi/lib/thumb/v7e-m+fp/hard\libc_nano.a(libc_a-strlen.o)
                                  0x8 (size before relaxing)
                0x080026ac                        __exidx_end = .
                0x080026ac                        . = ALIGN (0x4)

.preinit_array  0x080026ac        0x0
                0x080026ac                        . = ALIGN (0x4)
                0x080026ac                        PROVIDE (__preinit_array_start = .)
 *(.preinit_array*)
                0x080026ac                        PROVIDE (__preinit_array_end = .)
                0x080026ac                        . = ALIGN (0x4)

.init_array     0x080026ac        0x4
                0x080026ac                        . = ALIGN (0x4)
                0x080026ac                        PROVIDE (__init_array_start = .)
 *(SORT_BY_NAME(.init_array.*))
 *(.init_array*)
 .init_array    0x080026ac        0x4 C:/ST/STM32CubeIDE_1.19.0/STM32CubeIDE/plugins/com.st.stm32cube.ide.mcu.externaltools.gnu-tools-for-stm32.13.3.rel1.win32_1.0.0.202411081344/tools/bin/../lib/gcc/arm-none-eabi/13.3.1/thumb/v7e-m+fp/hard/crtbegin.o
                0x080026b0                        PROVIDE (__init_array_end = .)
                0x080026b0                        . = ALIGN (0x4)

.fini_array     0x080026b0        0x4
                0x080026b0                        . = ALIGN (0x4)
                [!provide]                        PROVIDE (__fini_array_start = .)
 *(SORT_BY_NAME(.fini_array.*))
 *(.fini_array*)
 .fini_array    0x080026b0        0x4 C:/ST/STM32CubeIDE_1.19.0/STM32CubeIDE/plugins/com.st.stm32cube.ide.mcu.externaltools.gnu-tools-for-stm32.13.3.rel1.win32_1.0.0.202411081344/tools/bin/../lib/gcc/arm-none-eabi/13.3.1/thumb/v7e-m+fp/hard/crtbegin.o
                [!provide]                        PROVIDE (__fini_array_end = .)
                0x080026b4                        . = ALIGN (0x4)
                0x080026b4                        _sidata = LOADADDR (.data)

.rel.dyn        0x080026b4        0x0
 .rel.iplt      0x080026b4        0x0 C:/ST/STM32CubeIDE_1.19.0/STM32CubeIDE/plugins/com.st.stm32cube.ide.mcu.externaltools.gnu-tools-for-stm32.13.3.rel1.win32_1.0.0.202411081344/tools/bin/../lib/gcc/arm-none-eabi/13.3.1/thumb/v7e-m+fp/hard/crtbegin.o

.data           0x20000000        0x4 load address 0x080026b4
                0x20000000                        . = ALIGN (0x4)
                0x20000000                        _sdata = .
 *(.data)
 *(.data*)
 .data.pole_aktualne.0
                0x20000000        0x1 ./Src/SEG_7.o
 *(.RamFunc)
 *(.RamFunc*)
                0x20000004                        . = ALIGN (0x4)
 *fill*         0x20000001        0x3 
                0x20000004                        _edata = .
                0x080026b8                        _sisram2 = LOADADDR (.sram2)

.igot.plt       0x20000004        0x0 load address 0x080026b8
 .igot.plt      0x20000004        0x0 C:/ST/STM32CubeIDE_1.19.0/STM32CubeIDE/plugins/com.st.stm32cube.ide.mcu.externaltools.gnu-tools-for-stm32.13.3.rel1.win32_1.0.0.202411081344/tools/bin/../lib/gcc/arm-none-eabi/13.3.1/thumb/v7e-m+fp/hard/crtbegin.o

.sram2          0x10000000        0x0 load address 0x080026b8
                0x10000000                        . = ALIGN (0x4)
                0x10000000                        _ssram2 = .
 *(.sram2)
 *(.sram2*)
                0x10000000                        . = ALIGN (0x4)
                0x10000000                        _esram2 = .
                0x10000000                        . = ALIGN (0x4)

.bss            0x20000004      0x19c
                0x20000004                        _sbss = .
                0x20000004                        __bss_start__ = _sbss
 *(.bss)
 .bss           0x20000004       0x1c C:/ST/STM32CubeIDE_1.19.0/STM32CubeIDE/plugins/com.st.stm32cube.ide.mcu.externaltools.gnu-tools-for-stm32.13.3.rel1.win32_1.0.0.202411081344/tools/bin/../lib/gcc/arm-none-eabi/13.3.1/thumb/v7e-m+fp/hard/crtbegin.o
 *(.bss*)
 .bss.Buff      0x20000020        0x4 ./Src/SEG_7.o
                0x20000020                Buff
 .bss.value     0x20000024        0x2 ./Src/SEG_7.o
                0x20000024                value
 *fill*         0x20000026        0x2 
 .bss.last_tick
                0x20000028        0x4 ./Src/SEG_7.o
                0x20000028                last_tick
 .bss.stoper_run
                0x2000002c        0x1 ./Src/SEG_7.o
                0x2000002c                stoper_run
 .bss.button_stanLT
                0x2000002d        0x1 ./Src/button.o
                0x2000002d                button_stanLT
 .bss.button_currentLT
                0x2000002e        0x1 ./Src/button.o
                0x2000002e                button_currentLT
 .bss.number_led
                0x2000002f        0x1 ./Src/button.o
                0x2000002f                number_led
 .bss.last_number_ledLT
                0x20000030        0x1 ./Src/button.o
                0x20000030                last_number_ledLT
 *fill*         0x20000031        0x3 
 .bss.last_button_tickLT
                0x20000034        0x4 ./Src/button.o
                0x20000034                last_button_tickLT
 .bss.joy_led_enable
                0x20000038        0x1 ./Src/button.o
                0x20000038                joy_led_enable
 .bss.button_stanOK
                0x20000039        0x1 ./Src/button.o
                0x20000039                button_stanOK
 .bss.button_currentOK
                0x2000003a        0x1 ./Src/button.o
                0x2000003a                button_currentOK
 *fill*         0x2000003b        0x1 
 .bss.last_button_tickOK
                0x2000003c        0x4 ./Src/button.o
                0x2000003c                last_button_tickOK
 .bss.button_stanRT
                0x20000040        0x1 ./Src/button.o
                0x20000040                button_stanRT
 .bss.button_currentRT
                0x20000041        0x1 ./Src/button.o
                0x20000041                button_currentRT
 .bss.last_number_ledRT
                0x20000042        0x1 ./Src/button.o
                0x20000042                last_number_ledRT
 *fill*         0x20000043        0x1 
 .bss.last_button_tickRT
                0x20000044        0x4 ./Src/button.o
                0x20000044                last_button_tickRT
 .bss.button_stanUP
                0x20000048        0x1 ./Src/button.o
                0x20000048                button_stanUP
 .bss.button_currentUP
                0x20000049        0x1 ./Src/button.o
                0x20000049                button_currentUP
 *fill*         0x2000004a        0x2 
 .bss.last_button_tickUP
                0x2000004c        0x4 ./Src/button.o
                0x2000004c                last_button_tickUP
 .bss.button_stanDN
                0x20000050        0x1 ./Src/button.o
                0x20000050                button_stanDN
 .bss.button_currentDN
                0x20000051        0x1 ./Src/button.o
                0x20000051                button_currentDN
 *fill*         0x20000052        0x2 
 .bss.last_button_tickDN
                0x20000054        0x4 ./Src/button.o
                0x20000054                last_button_tickDN
 .bss.button_stanUP_Seg
                0x20000058        0x1 ./Src/button.o
                0x20000058                button_stanUP_Seg
 .bss.button_currentUP_Seg
                0x20000059        0x1 ./Src/button.o
                0x20000059                button_currentUP_Seg
 *fill*         0x2000005a        0x2 
 .bss.last_button_tickUP_Seg
                0x2000005c        0x4 ./Src/button.o
                0x2000005c                last_button_tickUP_Seg
 .bss.button_stanRT_Seg
                0x20000060        0x1 ./Src/button.o
                0x20000060                button_stanRT_Seg
 .bss.button_currentRT_Seg
                0x20000061        0x1 ./Src/button.o
                0x20000061                button_currentRT_Seg
 *fill*         0x20000062        0x2 
 .bss.last_button_tickRT_Seg
                0x20000064        0x4 ./Src/button.o
                0x20000064                last_button_tickRT_Seg
 .bss.button_stanLT_Seg
                0x20000068        0x1 ./Src/button.o
                0x20000068                button_stanLT_Seg
 .bss.button_currentLT_Seg
                0x20000069        0x1 ./Src/button.o
                0x20000069                button_currentLT_Seg
 *fill*         0x2000006a        0x2 
 .bss.last_button_tickLT_Seg
                0x2000006c        0x4 ./Src/button.o
                0x2000006c                last_button_tickLT_Seg
 .bss.button_stanDN_Seg
                0x20000070        0x1 ./Src/button.o
                0x20000070                button_stanDN_Seg
 .bss.button_currentDN_Seg
                0x20000071        0x1 ./Src/button.o
                0x20000071                button_currentDN_Seg
 *fill*         0x20000072        0x2 
 .bss.last_button_tickDN_Seg
                0x20000074        0x4 ./Src/button.o
                0x20000074                last_button_tickDN_Seg
 .bss.button_stanOK_Seg
                0x20000078        0x1 ./Src/button.o
                0x20000078                button_stanOK_Seg
 .bss.button_currentOK_Seg
                0x20000079        0x1 ./Src/button.o
                0x20000079                button_currentOK_Seg
 *fill*         0x2000007a        0x2 
 .bss.last_button_tickOK_Seg
                0x2000007c        0x4 ./Src/button.o
                0x2000007c                last_button_tickOK_Seg
 .bss.seg_pos   0x20000080        0x1 ./Src/button.o
                0x20000080                seg_pos
 *fill*         0x20000081        0x3 
 .bss.panelLED4
                0x20000084       0x2c ./Src/button.o
                0x20000084                panelLED4
 .bss.panelLED3
                0x200000b0       0x2c ./Src/led.o
                0x200000b0                panelLED3
 .bss.page      0x200000dc        0x1 ./Src/led.o
                0x200000dc                page
 .bss.seg_mode  0x200000dd        0x1 ./Src/led.o
                0x200000dd                seg_mode
 .bss.joy_mode  0x200000de        0x1 ./Src/led.o
                0x200000de                joy_mode
 *fill*         0x200000df        0x1 
 .bss.last_tick1
                0x200000e0        0x4 ./Src/led.o
                0x200000e0                last_tick1
 .bss.led_run   0x200000e4        0x1 ./Src/led.o
                0x200000e4                led_run
 .bss.led_state
                0x200000e5        0x1 ./Src/led.o
                0x200000e5                led_state
 .bss.licznik   0x200000e6        0x1 ./Src/led.o
                0x200000e6                licznik
 .bss.led_num   0x200000e7        0x1 ./Src/led.o
                0x200000e7                led_num
 .bss.Command_Ok
                0x200000e8        0x1 ./Src/led.o
                0x200000e8                Command_Ok
 *fill*         0x200000e9        0x3 
 .bss.z.1       0x200000ec       0x20 ./Src/led.o
 .bss.charready.0
                0x2000010c        0x4 ./Src/led.o
 .bss.BuffTX    0x20000110       0x80 ./Src/lpuart.o
                0x20000110                BuffTX
 .bss.tx_index  0x20000190        0x4 ./Src/lpuart.o
                0x20000190                tx_index
 .bss.tx_busy   0x20000194        0x4 ./Src/lpuart.o
                0x20000194                tx_busy
 .bss.i.0       0x20000198        0x4 ./Src/lpuart.o
 .bss.Tick      0x2000019c        0x4 ./Src/sys_clocks.o
                0x2000019c                Tick
 *(COMMON)
                0x200001a0                        . = ALIGN (0x4)
                0x200001a0                        _ebss = .
                0x200001a0                        __bss_end__ = _ebss

._user_heap_stack
                0x200001a0      0x600
                0x200001a0                        . = ALIGN (0x8)
                [!provide]                        PROVIDE (end = .)
                0x200001a0                        PROVIDE (_end = .)
                0x200003a0                        . = (. + _Min_Heap_Size)
 *fill*         0x200001a0      0x200 
                0x200007a0                        . = (. + _Min_Stack_Size)
 *fill*         0x200003a0      0x400 
                0x200007a0                        . = ALIGN (0x8)

/DISCARD/
 libc.a(*)
 libm.a(*)
 libgcc.a(*)

.ARM.attributes
                0x00000000       0x30
 *(.ARM.attributes)
 .ARM.attributes
                0x00000000       0x22 C:/ST/STM32CubeIDE_1.19.0/STM32CubeIDE/plugins/com.st.stm32cube.ide.mcu.externaltools.gnu-tools-for-stm32.13.3.rel1.win32_1.0.0.202411081344/tools/bin/../lib/gcc/arm-none-eabi/13.3.1/thumb/v7e-m+fp/hard/crti.o
 .ARM.attributes
                0x00000022       0x34 C:/ST/STM32CubeIDE_1.19.0/STM32CubeIDE/plugins/com.st.stm32cube.ide.mcu.externaltools.gnu-tools-for-stm32.13.3.rel1.win32_1.0.0.202411081344/tools/bin/../lib/gcc/arm-none-eabi/13.3.1/thumb/v7e-m+fp/hard/crtbegin.o
 .ARM.attributes
                0x00000056       0x34 ./Src/SEG_7.o
 .ARM.attributes
                0x0000008a       0x34 ./Src/button.o
 .ARM.attributes
                0x000000be       0x34 ./Src/led.o
 .ARM.attributes
                0x000000f2       0x34 ./Src/lpuart.o
 .ARM.attributes
                0x00000126       0x34 ./Src/main.o
 .ARM.attributes
                0x0000015a       0x34 ./Src/sys_clocks.o
 .ARM.attributes
                0x0000018e       0x21 ./Startup/startup_stm32l496zgtx.o
 .ARM.attributes
                0x000001af       0x34 C:/ST/STM32CubeIDE_1.19.0/STM32CubeIDE/plugins/com.st.stm32cube.ide.mcu.externaltools.gnu-tools-for-stm32.13.3.rel1.win32_1.0.0.202411081344/tools/bin/../lib/gcc/arm-none-eabi/13.3.1/../../../../arm-none-eabi/lib/thumb/v7e-m+fp/hard\libc_nano.a(libc_a-init.o)
 .ARM.attributes
                0x000001e3       0x20 C:/ST/STM32CubeIDE_1.19.0/STM32CubeIDE/plugins/com.st.stm32cube.ide.mcu.externaltools.gnu-tools-for-stm32.13.3.rel1.win32_1.0.0.202411081344/tools/bin/../lib/gcc/arm-none-eabi/13.3.1/../../../../arm-none-eabi/lib/thumb/v7e-m+fp/hard\libc_nano.a(libc_a-strcmp.o)
 .ARM.attributes
                0x00000203       0x17 C:/ST/STM32CubeIDE_1.19.0/STM32CubeIDE/plugins/com.st.stm32cube.ide.mcu.externaltools.gnu-tools-for-stm32.13.3.rel1.win32_1.0.0.202411081344/tools/bin/../lib/gcc/arm-none-eabi/13.3.1/../../../../arm-none-eabi/lib/thumb/v7e-m+fp/hard\libc_nano.a(libc_a-strlen.o)
 .ARM.attributes
                0x0000021a       0x22 C:/ST/STM32CubeIDE_1.19.0/STM32CubeIDE/plugins/com.st.stm32cube.ide.mcu.externaltools.gnu-tools-for-stm32.13.3.rel1.win32_1.0.0.202411081344/tools/bin/../lib/gcc/arm-none-eabi/13.3.1/thumb/v7e-m+fp/hard/crtn.o
OUTPUT(Własny_Projekt_1.elf elf32-littlearm)
LOAD linker stubs
LOAD C:/ST/STM32CubeIDE_1.19.0/STM32CubeIDE/plugins/com.st.stm32cube.ide.mcu.externaltools.gnu-tools-for-stm32.13.3.rel1.win32_1.0.0.202411081344/tools/bin/../lib/gcc/arm-none-eabi/13.3.1/../../../../arm-none-eabi/lib/thumb/v7e-m+fp/hard\libc.a
LOAD C:/ST/STM32CubeIDE_1.19.0/STM32CubeIDE/plugins/com.st.stm32cube.ide.mcu.externaltools.gnu-tools-for-stm32.13.3.rel1.win32_1.0.0.202411081344/tools/bin/../lib/gcc/arm-none-eabi/13.3.1/../../../../arm-none-eabi/lib/thumb/v7e-m+fp/hard\libm.a
LOAD C:/ST/STM32CubeIDE_1.19.0/STM32CubeIDE/plugins/com.st.stm32cube.ide.mcu.externaltools.gnu-tools-for-stm32.13.3.rel1.win32_1.0.0.202411081344/tools/bin/../lib/gcc/arm-none-eabi/13.3.1/thumb/v7e-m+fp/hard\libgcc.a

.debug_info     0x00000000     0x313e
 .debug_info    0x00000000      0x7eb ./Src/SEG_7.o
 .debug_info    0x000007eb      0x827 ./Src/button.o
 .debug_info    0x00001012      0x886 ./Src/led.o
 .debug_info    0x00001898      0xba7 ./Src/lpuart.o
 .debug_info    0x0000243f      0x1f8 ./Src/main.o
 .debug_info    0x00002637      0xad7 ./Src/sys_clocks.o
 .debug_info    0x0000310e       0x30 ./Startup/startup_stm32l496zgtx.o

.debug_abbrev   0x00000000      0xbbd
 .debug_abbrev  0x00000000      0x1ee ./Src/SEG_7.o
 .debug_abbrev  0x000001ee      0x19d ./Src/button.o
 .debug_abbrev  0x0000038b      0x2a3 ./Src/led.o
 .debug_abbrev  0x0000062e      0x236 ./Src/lpuart.o
 .debug_abbrev  0x00000864      0x131 ./Src/main.o
 .debug_abbrev  0x00000995      0x204 ./Src/sys_clocks.o
 .debug_abbrev  0x00000b99       0x24 ./Startup/startup_stm32l496zgtx.o

.debug_aranges  0x00000000      0x2a0
 .debug_aranges
                0x00000000       0x88 ./Src/SEG_7.o
 .debug_aranges
                0x00000088       0x98 ./Src/button.o
 .debug_aranges
                0x00000120       0x90 ./Src/led.o
 .debug_aranges
                0x000001b0       0x48 ./Src/lpuart.o
 .debug_aranges
                0x000001f8       0x20 ./Src/main.o
 .debug_aranges
                0x00000218       0x60 ./Src/sys_clocks.o
 .debug_aranges
                0x00000278       0x28 ./Startup/startup_stm32l496zgtx.o

.debug_rnglists
                0x00000000      0x206
 .debug_rnglists
                0x00000000       0x74 ./Src/SEG_7.o
 .debug_rnglists
                0x00000074       0x72 ./Src/button.o
 .debug_rnglists
                0x000000e6       0x70 ./Src/led.o
 .debug_rnglists
                0x00000156       0x3f ./Src/lpuart.o
 .debug_rnglists
                0x00000195       0x13 ./Src/main.o
 .debug_rnglists
                0x000001a8       0x45 ./Src/sys_clocks.o
 .debug_rnglists
                0x000001ed       0x19 ./Startup/startup_stm32l496zgtx.o

.debug_macro    0x00000000    0x1f5b3
 .debug_macro   0x00000000      0x1bd ./Src/SEG_7.o
 .debug_macro   0x000001bd      0xae4 ./Src/SEG_7.o
 .debug_macro   0x00000ca1       0x22 ./Src/SEG_7.o
 .debug_macro   0x00000cc3       0x8e ./Src/SEG_7.o
 .debug_macro   0x00000d51       0x51 ./Src/SEG_7.o
 .debug_macro   0x00000da2      0x103 ./Src/SEG_7.o
 .debug_macro   0x00000ea5       0x6a ./Src/SEG_7.o
 .debug_macro   0x00000f0f      0x1df ./Src/SEG_7.o
 .debug_macro   0x000010ee       0x28 ./Src/SEG_7.o
 .debug_macro   0x00001116       0x1c ./Src/SEG_7.o
 .debug_macro   0x00001132       0x22 ./Src/SEG_7.o
 .debug_macro   0x00001154       0xfb ./Src/SEG_7.o
 .debug_macro   0x0000124f     0x1011 ./Src/SEG_7.o
 .debug_macro   0x00002260      0x11f ./Src/SEG_7.o
 .debug_macro   0x0000237f    0x1c1f6 ./Src/SEG_7.o
 .debug_macro   0x0001e575       0x10 ./Src/SEG_7.o
 .debug_macro   0x0001e585       0x61 ./Src/SEG_7.o
 .debug_macro   0x0001e5e6       0x2a ./Src/SEG_7.o
 .debug_macro   0x0001e610       0x43 ./Src/SEG_7.o
 .debug_macro   0x0001e653       0x34 ./Src/SEG_7.o
 .debug_macro   0x0001e687      0x190 ./Src/SEG_7.o
 .debug_macro   0x0001e817      0x370 ./Src/SEG_7.o
 .debug_macro   0x0001eb87       0x16 ./Src/SEG_7.o
 .debug_macro   0x0001eb9d       0x4a ./Src/SEG_7.o
 .debug_macro   0x0001ebe7       0x34 ./Src/SEG_7.o
 .debug_macro   0x0001ec1b       0x10 ./Src/SEG_7.o
 .debug_macro   0x0001ec2b       0x58 ./Src/SEG_7.o
 .debug_macro   0x0001ec83       0x8e ./Src/SEG_7.o
 .debug_macro   0x0001ed11       0x1c ./Src/SEG_7.o
 .debug_macro   0x0001ed2d      0x185 ./Src/SEG_7.o
 .debug_macro   0x0001eeb2       0x10 ./Src/SEG_7.o
 .debug_macro   0x0001eec2       0x3c ./Src/SEG_7.o
 .debug_macro   0x0001eefe       0x20 ./Src/SEG_7.o
 .debug_macro   0x0001ef1e       0xf0 ./Src/button.o
 .debug_macro   0x0001f00e      0x20d ./Src/led.o
 .debug_macro   0x0001f21b      0x1ba ./Src/lpuart.o
 .debug_macro   0x0001f3d5       0xfe ./Src/main.o
 .debug_macro   0x0001f4d3       0xe0 ./Src/sys_clocks.o

.debug_line     0x00000000     0x3859
 .debug_line    0x00000000      0xd4d ./Src/SEG_7.o
 .debug_line    0x00000d4d      0x92f ./Src/button.o
 .debug_line    0x0000167c      0xc7c ./Src/led.o
 .debug_line    0x000022f8      0x7f4 ./Src/lpuart.o
 .debug_line    0x00002aec      0x51a ./Src/main.o
 .debug_line    0x00003006      0x7d8 ./Src/sys_clocks.o
 .debug_line    0x000037de       0x7b ./Startup/startup_stm32l496zgtx.o

.debug_str      0x00000000    0xacdac
 .debug_str     0x00000000    0xacdac ./Src/SEG_7.o
                              0xac284 (size before relaxing)
 .debug_str     0x000acdac    0xa9002 ./Src/button.o
 .debug_str     0x000acdac    0xac3b4 ./Src/led.o
 .debug_str     0x000acdac    0xac786 ./Src/lpuart.o
 .debug_str     0x000acdac    0xa8a7e ./Src/main.o
 .debug_str     0x000acdac    0xa9260 ./Src/sys_clocks.o
 .debug_str     0x000acdac       0x7c ./Startup/startup_stm32l496zgtx.o

.comment        0x00000000       0x43
 .comment       0x00000000       0x43 ./Src/SEG_7.o
                                 0x44 (size before relaxing)
 .comment       0x00000043       0x44 ./Src/button.o
 .comment       0x00000043       0x44 ./Src/led.o
 .comment       0x00000043       0x44 ./Src/lpuart.o
 .comment       0x00000043       0x44 ./Src/main.o
 .comment       0x00000043       0x44 ./Src/sys_clocks.o

.debug_frame    0x00000000      0x8c4
 .debug_frame   0x00000000      0x20c ./Src/SEG_7.o
 .debug_frame   0x0000020c      0x1e8 ./Src/button.o
 .debug_frame   0x000003f4      0x228 ./Src/led.o
 .debug_frame   0x0000061c       0xf4 ./Src/lpuart.o
 .debug_frame   0x00000710       0x2c ./Src/main.o
 .debug_frame   0x0000073c      0x13c ./Src/sys_clocks.o
 .debug_frame   0x00000878       0x2c C:/ST/STM32CubeIDE_1.19.0/STM32CubeIDE/plugins/com.st.stm32cube.ide.mcu.externaltools.gnu-tools-for-stm32.13.3.rel1.win32_1.0.0.202411081344/tools/bin/../lib/gcc/arm-none-eabi/13.3.1/../../../../arm-none-eabi/lib/thumb/v7e-m+fp/hard\libc_nano.a(libc_a-init.o)
 .debug_frame   0x000008a4       0x20 C:/ST/STM32CubeIDE_1.19.0/STM32CubeIDE/plugins/com.st.stm32cube.ide.mcu.externaltools.gnu-tools-for-stm32.13.3.rel1.win32_1.0.0.202411081344/tools/bin/../lib/gcc/arm-none-eabi/13.3.1/../../../../arm-none-eabi/lib/thumb/v7e-m+fp/hard\libc_nano.a(libc_a-strcmp.o)

.debug_line_str
                0x00000000       0x60
 .debug_line_str
                0x00000000       0x60 ./Startup/startup_stm32l496zgtx.o
