../Src/button.c:72:6:button_init	4	static
../Src/button.c:87:9:buttonOK_pressed	4	static
../Src/button.c:97:6:buttonOK_clicked	8	static
../Src/button.c:111:9:buttonLT_pressed	4	static
../Src/button.c:121:6:buttonLT_clicked	8	static
../Src/button.c:151:9:buttonRT_pressed	4	static
../Src/button.c:160:6:buttonRT_clicked	8	static
../Src/button.c:190:9:buttonDN_pressed	4	static
../Src/button.c:200:6:buttonDN_clicked	8	static
../Src/button.c:214:9:buttonUP_pressed	4	static
../Src/button.c:224:6:buttonUP_clicked	8	static
../Src/button.c:240:6:buttonUP_clicked_Seg	8	static
../Src/button.c:253:6:buttonRT_clicked_Seg	8	static
../Src/button.c:270:6:buttonLT_clicked_Seg	8	static
../Src/button.c:290:6:buttonDN_clicked_Seg	8	static
../Src/button.c:311:6:buttonOK_clicked_Seg	8	static
