../Src/led.c:42:6:LedConf	4	static
../Src/led.c:75:6:Led_ON	16	static
../Src/led.c:95:6:Led_OFF	16	static
../Src/led.c:116:6:Led_TOGGLE	16	static
../Src/led.c:138:6:LedN_ON	16	static
../Src/led.c:154:6:LedN_OFF	16	static
../Src/led.c:170:6:LedN_TOGGLE	16	static
../Src/led.c:188:6:LPUART1_Menu	8	static
../Src/led.c:414:6:toggle	16	static
../Src/led.c:422:6:led_on	16	static
../Src/led.c:430:6:led_off	16	static
../Src/led.c:438:6:led_config	32	static
../Src/led.c:461:6:LedUpdate	8	static
../Src/led.c:494:6:LedStart	16	static
../Src/led.c:503:9:IsNumberLed	24	static
